Archive member included because of file (symbol)

c:/program files (x86)/atmel/studio/7.0/toolchain/avr32/avr32-gnu-toolchain/bin/../lib/gcc/avr32/4.4.7/ucr2\libgcc.a(_avr32_f64_mul.o)
                              src/ASF/thirdparty/freertos/demo/common/minimal/flop.o (__avr32_f64_mul)
c:/program files (x86)/atmel/studio/7.0/toolchain/avr32/avr32-gnu-toolchain/bin/../lib/gcc/avr32/4.4.7/ucr2\libgcc.a(_avr32_f64_addsub.o)
                              src/ASF/thirdparty/freertos/demo/common/minimal/flop.o (__avr32_f64_sub)
c:/program files (x86)/atmel/studio/7.0/toolchain/avr32/avr32-gnu-toolchain/bin/../lib/gcc/avr32/4.4.7/ucr2\libgcc.a(_avr32_s32_to_f64.o)
                              src/ASF/thirdparty/freertos/demo/common/minimal/flop.o (__avr32_u32_to_f64)
c:/program files (x86)/atmel/studio/7.0/toolchain/avr32/avr32-gnu-toolchain/bin/../lib/gcc/avr32/4.4.7/ucr2\libgcc.a(_avr32_f64_cmp_lt.o)
                              src/ASF/thirdparty/freertos/demo/common/minimal/flop.o (__avr32_f64_cmp_lt)
c:/program files (x86)/atmel/studio/7.0/toolchain/avr32/avr32-gnu-toolchain/bin/../lib/gcc/avr32/4.4.7/ucr2\libgcc.a(_avr32_f64_div.o)
                              src/ASF/thirdparty/freertos/demo/common/minimal/flop.o (__avr32_f64_div)
c:/program files (x86)/atmel/studio/7.0/toolchain/avr32/avr32-gnu-toolchain/bin/../lib/gcc/avr32/4.4.7/ucr2\libgcc.a(_avr32_f32_div.o)
                              src/ASF/thirdparty/freertos/demo/common/minimal/model.o (__avr32_f32_div)
c:/program files (x86)/atmel/studio/7.0/toolchain/avr32/avr32-gnu-toolchain/bin/../lib/gcc/avr32/4.4.7/ucr2\libgcc.a(_avr32_f32_addsub.o)
                              src/ASF/thirdparty/freertos/demo/common/minimal/model.o (__avr32_f32_add)
c:/program files (x86)/atmel/studio/7.0/toolchain/avr32/avr32-gnu-toolchain/bin/../lib/gcc/avr32/4.4.7/ucr2\libgcc.a(_avr32_f32_mul.o)
                              src/ASF/thirdparty/freertos/demo/common/minimal/model.o (__avr32_f32_mul)
c:/program files (x86)/atmel/studio/7.0/toolchain/avr32/avr32-gnu-toolchain/bin/../lib/gcc/avr32/4.4.7/ucr2\libgcc.a(_avr32_s32_to_f32.o)
                              src/ASF/thirdparty/freertos/demo/common/minimal/model.o (__avr32_s32_to_f32)
c:/program files (x86)/atmel/studio/7.0/toolchain/avr32/avr32-gnu-toolchain/bin/../lib/gcc/avr32/4.4.7/ucr2\libgcc.a(_avr32_f32_to_s32.o)
                              src/ASF/thirdparty/freertos/demo/common/minimal/model.o (__avr32_f32_to_s32)
c:/program files (x86)/atmel/studio/7.0/toolchain/avr32/avr32-gnu-toolchain/bin/../lib/gcc/avr32/4.4.7/../../../../avr32/lib/ucr2\libc.a(lib_a-atexit.o)
                              c:/program files (x86)/atmel/studio/7.0/toolchain/avr32/avr32-gnu-toolchain/bin/../lib/gcc/avr32/4.4.7/../../../../avr32/lib/ucr2/crt0.o (atexit)
c:/program files (x86)/atmel/studio/7.0/toolchain/avr32/avr32-gnu-toolchain/bin/../lib/gcc/avr32/4.4.7/../../../../avr32/lib/ucr2\libc.a(lib_a-exit.o)
                              c:/program files (x86)/atmel/studio/7.0/toolchain/avr32/avr32-gnu-toolchain/bin/../lib/gcc/avr32/4.4.7/../../../../avr32/lib/ucr2/crt0.o (exit)
c:/program files (x86)/atmel/studio/7.0/toolchain/avr32/avr32-gnu-toolchain/bin/../lib/gcc/avr32/4.4.7/../../../../avr32/lib/ucr2\libc.a(lib_a-impure.o)
                              c:/program files (x86)/atmel/studio/7.0/toolchain/avr32/avr32-gnu-toolchain/bin/../lib/gcc/avr32/4.4.7/../../../../avr32/lib/ucr2\libc.a(lib_a-exit.o) (_global_impure_ptr)
c:/program files (x86)/atmel/studio/7.0/toolchain/avr32/avr32-gnu-toolchain/bin/../lib/gcc/avr32/4.4.7/../../../../avr32/lib/ucr2\libc.a(lib_a-malloc.o)
                              src/ASF/thirdparty/freertos/freertos-7.0.0/source/portable/memmang/heap_3.o (free)
c:/program files (x86)/atmel/studio/7.0/toolchain/avr32/avr32-gnu-toolchain/bin/../lib/gcc/avr32/4.4.7/../../../../avr32/lib/ucr2\libc.a(lib_a-mallocr.o)
                              c:/program files (x86)/atmel/studio/7.0/toolchain/avr32/avr32-gnu-toolchain/bin/../lib/gcc/avr32/4.4.7/../../../../avr32/lib/ucr2\libc.a(lib_a-malloc.o) (_malloc_r)
c:/program files (x86)/atmel/studio/7.0/toolchain/avr32/avr32-gnu-toolchain/bin/../lib/gcc/avr32/4.4.7/../../../../avr32/lib/ucr2\libc.a(lib_a-memcpy.o)
                              src/ASF/avr32/drivers/flashc/flashc.o (memcpy)
c:/program files (x86)/atmel/studio/7.0/toolchain/avr32/avr32-gnu-toolchain/bin/../lib/gcc/avr32/4.4.7/../../../../avr32/lib/ucr2\libc.a(lib_a-memset.o)
                              src/ASF/thirdparty/freertos/freertos-7.0.0/source/tasks.o (memset)
c:/program files (x86)/atmel/studio/7.0/toolchain/avr32/avr32-gnu-toolchain/bin/../lib/gcc/avr32/4.4.7/../../../../avr32/lib/ucr2\libc.a(lib_a-realloc.o)
                              src/ASF/thirdparty/freertos/freertos-7.0.0/source/portable/gcc/avr32_uc3/port.o (realloc)
c:/program files (x86)/atmel/studio/7.0/toolchain/avr32/avr32-gnu-toolchain/bin/../lib/gcc/avr32/4.4.7/../../../../avr32/lib/ucr2\libc.a(lib_a-reallocr.o)
[...]
Memory Configuration

Name             Origin             Length             Attributes
FLASH            0x80000000         0x00080000         axrl !w
INTRAM           0x00000004         0x0000fffc         axw !rl
USERPAGE         0x80800000         0x00000200
*default*        0x00000000         0xffffffff

Linker script and memory map

                0x00001000                _stack_size = 0x1000
LOAD c:/program files (x86)/atmel/studio/7.0/toolchain/avr32/avr32-gnu-toolchain/bin/../lib/gcc/avr32/4.4.7/../../../../avr32/lib/ucr2/crt0.o
LOAD c:/program files (x86)/atmel/studio/7.0/toolchain/avr32/avr32-gnu-toolchain/bin/../lib/gcc/avr32/4.4.7/ucr2/crti.o
LOAD c:/program files (x86)/atmel/studio/7.0/toolchain/avr32/avr32-gnu-toolchain/bin/../lib/gcc/avr32/4.4.7/ucr2/crtbegin.o
LOAD src/ASF/avr32/boards/evk1100/led.o
LOAD src/ASF/avr32/drivers/flashc/flashc.o
LOAD src/ASF/avr32/drivers/gpio/gpio.o
LOAD src/ASF/avr32/drivers/intc/intc.o
LOAD src/ASF/avr32/drivers/pm/pm.o
LOAD src/ASF/avr32/drivers/pm/pm_conf_clocks.o
LOAD src/ASF/avr32/drivers/pm/power_clocks_lib.o
LOAD src/ASF/avr32/drivers/tc/tc.o
LOAD src/ASF/avr32/drivers/usart/usart.o
LOAD src/ASF/avr32/utils/startup/trampoline_uc3.o
LOAD src/ASF/thirdparty/freertos/demo/avr32_uc3_example/main.o
LOAD src/ASF/thirdparty/freertos/demo/avr32_uc3_example/partest/ParTest.o
LOAD src/ASF/thirdparty/freertos/demo/avr32_uc3_example/serial/serial.o
LOAD src/ASF/thirdparty/freertos/demo/common/minimal/AltBlckQ.o
LOAD src/ASF/thirdparty/freertos/demo/common/minimal/AltBlock.o
LOAD src/ASF/thirdparty/freertos/demo/common/minimal/AltPollQ.o
LOAD src/ASF/thirdparty/freertos/demo/common/minimal/AltQTest.o
LOAD src/ASF/thirdparty/freertos/demo/common/minimal/BlockQ.o
LOAD src/ASF/thirdparty/freertos/demo/common/minimal/blocktim.o
LOAD src/ASF/thirdparty/freertos/demo/common/minimal/comtest.o
LOAD src/ASF/thirdparty/freertos/demo/common/minimal/countsem.o
LOAD src/ASF/thirdparty/freertos/demo/common/minimal/crflash.o
LOAD src/ASF/thirdparty/freertos/demo/common/minimal/crhook.o
LOAD src/ASF/thirdparty/freertos/demo/common/minimal/death.o
LOAD src/ASF/thirdparty/freertos/demo/common/minimal/dynamic.o
LOAD src/ASF/thirdparty/freertos/demo/common/minimal/eic.o
LOAD src/ASF/thirdparty/freertos/demo/common/minimal/flash.o
LOAD src/ASF/thirdparty/freertos/demo/common/minimal/flop.o
LOAD src/ASF/thirdparty/freertos/demo/common/minimal/GenQTest.o
LOAD src/ASF/thirdparty/freertos/demo/common/minimal/integer.o
LOAD src/ASF/thirdparty/freertos/demo/common/minimal/model.o
LOAD src/ASF/thirdparty/freertos/demo/common/minimal/PollQ.o
LOAD src/ASF/thirdparty/freertos/demo/common/minimal/QPeek.o
LOAD src/ASF/thirdparty/freertos/demo/common/minimal/recmutex.o
LOAD src/ASF/thirdparty/freertos/demo/common/minimal/semtest.o
LOAD src/ASF/thirdparty/freertos/demo/common/minimal/USART_RCV.o
LOAD src/ASF/thirdparty/freertos/demo/common/minimal/USART_TRX.o
LOAD src/ASF/thirdparty/freertos/freertos-7.0.0/source/croutine.o
LOAD src/ASF/thirdparty/freertos/freertos-7.0.0/source/list.o
LOAD src/ASF/thirdparty/freertos/freertos-7.0.0/source/portable/gcc/avr32_uc3/exception.o
LOAD src/ASF/thirdparty/freertos/freertos-7.0.0/source/portable/gcc/avr32_uc3/port.o
LOAD src/ASF/thirdparty/freertos/freertos-7.0.0/source/portable/gcc/avr32_uc3/read.o
LOAD src/ASF/thirdparty/freertos/freertos-7.0.0/source/portable/gcc/avr32_uc3/write.o
LOAD src/ASF/thirdparty/freertos/freertos-7.0.0/source/portable/memmang/heap_3.o
LOAD src/ASF/thirdparty/freertos/freertos-7.0.0/source/queue.o
LOAD src/ASF/thirdparty/freertos/freertos-7.0.0/source/tasks.o
LOAD src/ASF/thirdparty/freertos/freertos-7.0.0/source/timers.o
START GROUP
LOAD c:/program files (x86)/atmel/studio/7.0/toolchain/avr32/avr32-gnu-toolchain/bin/../lib/gcc/avr32/4.4.7/../../../../avr32/lib/ucr2\libm.a
END GROUP
LOAD c:/program files (x86)/atmel/studio/7.0/toolchain/avr32/avr32-gnu-toolchain/bin/../lib/gcc/avr32/4.4.7/ucr2\libgcc.a
LOAD c:/program files (x86)/atmel/studio/7.0/toolchain/avr32/avr32-gnu-toolchain/bin/../lib/gcc/avr32/4.4.7/../../../../avr32/lib/ucr2\libc.a
LOAD c:/program files (x86)/atmel/studio/7.0/toolchain/avr32/avr32-gnu-toolchain/bin/../lib/gcc/avr32/4.4.7/ucr2\libgcc.a
LOAD c:/program files (x86)/atmel/studio/7.0/toolchain/avr32/avr32-gnu-toolchain/bin/../lib/gcc/avr32/4.4.7/ucr2/crtend.o
LOAD c:/program files (x86)/atmel/studio/7.0/toolchain/avr32/avr32-gnu-toolchain/bin/../lib/gcc/avr32/4.4.7/ucr2/crtn.o
                0xffffffff                __max_heap_size__ = 0xffffffff
                [0xffffffff]                __heap_size__ = DEFINED (__heap_size__)?__heap_size__:__max_heap_size__
                [0x00001000]                __stack_size__ = DEFINED (__stack_size__)?__stack_size__:0x1000
                0x80000000                PROVIDE (__executable_start, 0x80000000)
                0x80000000                . = 0x80000000

.interp
 *(.interp)

.reset          0x80000000     0x200c
 *(.reset)
 .reset         0x80000000        0x8 c:/program files (x86)/atmel/studio/7.0/toolchain/avr32/avr32-gnu-toolchain/bin/../lib/gcc/avr32/4.4.7/../../../../avr32/lib/ucr2/crt0.o
                0x80000000                _start
 .reset         0x80000008     0x2004 src/ASF/avr32/utils/startup/trampoline_uc3.o
                               0x2008 (size before relaxing)
                0x80000008                _trampoline

.hash
 *(.hash)

.dynsym
 *(.dynsym)

.dynstr
 *(.dynstr)

.gnu.version
 *(.gnu.version)

.gnu.version_d
 *(.gnu.version_d)

.gnu.version_r
 *(.gnu.version_r)

.rel.init
 *(.rel.init)

.rela.init
 *(.rela.init)

.rel.text
 *(.rel.text .rel.text.* .rel.gnu.linkonce.t.*)

.rela.text
 *(.rela.text .rela.text.* .rela.gnu.linkonce.t.*)

.rel.fini
 *(.rel.fini)

.rela.fini
 *(.rela.fini)

.rel.rodata
 *(.rel.rodata .rel.rodata.* .rel.gnu.linkonce.r.*)

.rela.rodata
 *(.rela.rodata .rela.rodata.* .rela.gnu.linkonce.r.*)

.rel.data.rel.ro
 *(.rel.data.rel.ro*)

.rela.data.rel.ro
 *(.rel.data.rel.ro*)

.rel.data
 *(.rel.data .rel.data.* .rel.gnu.linkonce.d.*)

.rela.data
 *(.rela.data .rela.data.* .rela.gnu.linkonce.d.*)

.rel.tdata
 *(.rel.tdata .rel.tdata.* .rel.gnu.linkonce.td.*)

.rela.tdata
 *(.rela.tdata .rela.tdata.* .rela.gnu.linkonce.td.*)

.rel.tbss
 *(.rel.tbss .rel.tbss.* .rel.gnu.linkonce.tb.*)

.rela.tbss
 *(.rela.tbss .rela.tbss.* .rela.gnu.linkonce.tb.*)

.rel.ctors
 *(.rel.ctors)

.rela.ctors
 *(.rela.ctors)

.rel.dtors
 *(.rel.dtors)

.rela.dtors
 *(.rela.dtors)

.rel.got
 *(.rel.got)

.rela.got       0x8000200c        0x0
 *(.rela.got)
 .rela.got      0x8000200c        0x0 c:/program files (x86)/atmel/studio/7.0/toolchain/avr32/avr32-gnu-toolchain/bin/../lib/gcc/avr32/4.4.7/../../../../avr32/lib/ucr2/crt0.o

.rel.bss
 *(.rel.bss .rel.bss.* .rel.gnu.linkonce.b.*)

.rela.bss
 *(.rela.bss .rela.bss.* .rela.gnu.linkonce.b.*)

.rel.plt
 *(.rel.plt)

.rela.plt
 *(.rela.plt)

.init           0x8000200c       0x1a
 *(.init)
 .init          0x8000200c       0x10 c:/program files (x86)/atmel/studio/7.0/toolchain/avr32/avr32-gnu-toolchain/bin/../lib/gcc/avr32/4.4.7/ucr2/crti.o
                0x8000200c                _init
 .init          0x8000201c        0x2 c:/program files (x86)/atmel/studio/7.0/toolchain/avr32/avr32-gnu-toolchain/bin/../lib/gcc/avr32/4.4.7/ucr2/crtbegin.o
                                  0x4 (size before relaxing)
 .init          0x8000201e        0x4 c:/program files (x86)/atmel/studio/7.0/toolchain/avr32/avr32-gnu-toolchain/bin/../lib/gcc/avr32/4.4.7/ucr2/crtend.o
 .init          0x80002022        0x4 c:/program files (x86)/atmel/studio/7.0/toolchain/avr32/avr32-gnu-toolchain/bin/../lib/gcc/avr32/4.4.7/ucr2/crtn.o

.plt
 *(.plt)

.text           0x80002028     0x24b8
 *(.text .stub .text.* .gnu.linkonce.t.*)
 .text          0x80002028       0x60 c:/program files (x86)/atmel/studio/7.0/toolchain/avr32/avr32-gnu-toolchain/bin/../lib/gcc/avr32/4.4.7/../../../../avr32/lib/ucr2/crt0.o
                                 0x84 (size before relaxing)
                0x80002028                _stext
 .text          0x80002088       0x54 c:/program files (x86)/atmel/studio/7.0/toolchain/avr32/avr32-gnu-toolchain/bin/../lib/gcc/avr32/4.4.7/ucr2/crtbegin.o
                                 0x64 (size before relaxing)
 .text.gpio_enable_module_pin
                0x800020dc       0x52 src/ASF/avr32/drivers/gpio/gpio.o
                0x800020dc                gpio_enable_module_pin
 *fill*         0x8000212e        0x2 d703d703
 .text.gpio_enable_module
                0x80002130       0x30 src/ASF/avr32/drivers/gpio/gpio.o
                0x80002130                gpio_enable_module
 .text._unhandled_interrupt
                0x80002160        0x2 src/ASF/avr32/drivers/intc/intc.o
 *fill*         0x80002162        0x2 d703d703
 .text.INTC_register_interrupt
                0x80002164       0x80 src/ASF/avr32/drivers/intc/intc.o
                0x80002164                INTC_register_interrupt
 .text.INTC_init_interrupts
                0x800021e4       0x54 src/ASF/avr32/drivers/intc/intc.o
                0x800021e4                INTC_init_interrupts
 .text._get_interrupt_handler
                0x80002238       0x38 src/ASF/avr32/drivers/intc/intc.o
                0x80002238                _get_interrupt_handler
 .text.pm_set_osc0_mode
                0x80002270        0xa src/ASF/avr32/drivers/pm/pm.o
 *fill*         0x8000227a        0x2 d703d703
 .text.pm_enable_osc0_crystal
                0x8000227c       0x3c src/ASF/avr32/drivers/pm/pm.o
                0x8000227c                pm_enable_osc0_crystal
 .text.pm_enable_clk0_no_wait
                0x800022b8       0x10 src/ASF/avr32/drivers/pm/pm.o
                0x800022b8                pm_enable_clk0_no_wait
 .text.pm_wait_for_clk0_ready
                0x800022c8        0xa src/ASF/avr32/drivers/pm/pm.o
                0x800022c8                pm_wait_for_clk0_ready
 *fill*         0x800022d2        0x2 d703d703
 .text.pm_enable_clk0
                0x800022d4       0x1c src/ASF/avr32/drivers/pm/pm.o
                0x800022d4                pm_enable_clk0
 .text.pm_switch_to_clock
                0x800022f0        0xa src/ASF/avr32/drivers/pm/pm.o
                0x800022f0                pm_switch_to_clock
 *fill*         0x800022fa        0x2 d703d703
 .text.pm_switch_to_osc0
                0x800022fc       0x2c src/ASF/avr32/drivers/pm/pm.o
                0x800022fc                pm_switch_to_osc0
 .text.pcl_switch_to_osc
                0x80002328       0x1c src/ASF/avr32/drivers/pm/power_clocks_lib.o
                0x80002328                pcl_switch_to_osc
 .text.usart_set_async_baudrate
                0x80002344       0x5a src/ASF/avr32/drivers/usart/usart.o
 .text.usart_write_char
                0x8000239e       0x14 src/ASF/avr32/drivers/usart/usart.o
                0x8000239e                usart_write_char
 *fill*         0x800023b2        0x2 d703d703
 .text.usart_putchar
                0x800023b4       0x2c src/ASF/avr32/drivers/usart/usart.o
                0x800023b4                usart_putchar
 .text.usart_read_char
                0x800023e0       0x22 src/ASF/avr32/drivers/usart/usart.o
                0x800023e0                usart_read_char
 .text.usart_reset
                0x80002402       0x2c src/ASF/avr32/drivers/usart/usart.o
                0x80002402                usart_reset
 *fill*         0x8000242e        0x2 d703d703
 .text.usart_init_rs232
                0x80002430       0xcc src/ASF/avr32/drivers/usart/usart.o
                0x80002430                usart_init_rs232
 .text.main     0x800024fc       0x64 src/ASF/thirdparty/freertos/demo/avr32_uc3_example/main.o
                0x800024fc                main
 .text.vStartModelTask
                0x80002560       0x28 src/ASF/thirdparty/freertos/demo/common/minimal/model.o
                0x80002560                vStartModelTask
 .text.vModelTask
                0x80002588       0xd0 src/ASF/thirdparty/freertos/demo/common/minimal/model.o
 .text.vStartReceiveTask
                0x80002658       0x28 src/ASF/thirdparty/freertos/demo/common/minimal/USART_RCV.o
                0x80002658                vStartReceiveTask
 .text.vRcvTask
                0x80002680       0xa8 src/ASF/thirdparty/freertos/demo/common/minimal/USART_RCV.o
 .text.vStartTrxTask
                0x80002728       0x28 src/ASF/thirdparty/freertos/demo/common/minimal/USART_TRX.o
                0x80002728                vStartTrxTask
 .text.vTrxTask
                0x80002750       0xac src/ASF/thirdparty/freertos/demo/common/minimal/USART_TRX.o
 .text.vListInitialise
                0x800027fc       0x14 src/ASF/thirdparty/freertos/freertos-7.0.0/source/list.o
                0x800027fc                vListInitialise
 .text.vListInitialiseItem
                0x80002810        0x6 src/ASF/thirdparty/freertos/freertos-7.0.0/source/list.o
                0x80002810                vListInitialiseItem
 .text.vListInsertEnd
                0x80002816       0x1c src/ASF/thirdparty/freertos/freertos-7.0.0/source/list.o
                0x80002816                vListInsertEnd
 .text.vListInsert
                0x80002832       0x34 src/ASF/thirdparty/freertos/freertos-7.0.0/source/list.o
                0x80002832                vListInsert
 .text.vListRemove
                0x80002866       0x26 src/ASF/thirdparty/freertos/freertos-7.0.0/source/list.o
                0x80002866                vListRemove
 .text.pxPortInitialiseStack
                0x8000288c       0x92 src/ASF/thirdparty/freertos/freertos-7.0.0/source/portable/gcc/avr32_uc3/port.o
                0x8000288c                pxPortInitialiseStack
 *fill*         0x8000291e        0x2 d703d703
 .text.vPortEnterCritical
                0x80002920       0x10 src/ASF/thirdparty/freertos/freertos-7.0.0/source/portable/gcc/avr32_uc3/port.o
                0x80002920                vPortEnterCritical
 .text.xPortStartScheduler
                0x80002930       0x58 src/ASF/thirdparty/freertos/freertos-7.0.0/source/portable/gcc/avr32_uc3/port.o
                0x80002930                xPortStartScheduler
 .text.SCALLYield
                0x80002988       0x98 src/ASF/thirdparty/freertos/freertos-7.0.0/source/portable/gcc/avr32_uc3/port.o
                0x80002988                SCALLYield
 .text.prvClearCcInt
                0x80002a20        0xa src/ASF/thirdparty/freertos/freertos-7.0.0/source/portable/gcc/avr32_uc3/port.o
 *fill*         0x80002a2a        0x2 d703d703
 .text.vPortExitCritical
                0x80002a2c       0x20 src/ASF/thirdparty/freertos/freertos-7.0.0/source/portable/gcc/avr32_uc3/port.o
                0x80002a2c                vPortExitCritical
 .text.vTick    0x80002a4c       0x84 src/ASF/thirdparty/freertos/freertos-7.0.0/source/portable/gcc/avr32_uc3/port.o
 .text.__malloc_lock
                0x80002ad0        0xc src/ASF/thirdparty/freertos/freertos-7.0.0/source/portable/gcc/avr32_uc3/port.o
                0x80002ad0                __malloc_lock
 .text.__malloc_unlock
                0x80002adc        0xc src/ASF/thirdparty/freertos/freertos-7.0.0/source/portable/gcc/avr32_uc3/port.o
                0x80002adc                __malloc_unlock
 .text._init_startup
                0x80002ae8       0x18 src/ASF/thirdparty/freertos/freertos-7.0.0/source/portable/gcc/avr32_uc3/port.o
                0x80002ae8                _init_startup
 .text.vPortFree
                0x80002b00       0x28 src/ASF/thirdparty/freertos/freertos-7.0.0/source/portable/memmang/heap_3.o
                0x80002b00                vPortFree
 .text.pvPortMalloc
                0x80002b28       0x28 src/ASF/thirdparty/freertos/freertos-7.0.0/source/portable/memmang/heap_3.o
                0x80002b28                pvPortMalloc
 .text.uxQueueMessagesWaiting
                0x80002b50       0x20 src/ASF/thirdparty/freertos/freertos-7.0.0/source/queue.o
                0x80002b50                uxQueueMessagesWaiting
 .text.prvCopyDataFromQueue
                0x80002b70       0x30 src/ASF/thirdparty/freertos/freertos-7.0.0/source/queue.o
 .text.prvCopyDataToQueue
                0x80002ba0       0x64 src/ASF/thirdparty/freertos/freertos-7.0.0/source/queue.o
 .text.prvUnlockQueue
                0x80002c04       0xa0 src/ASF/thirdparty/freertos/freertos-7.0.0/source/queue.o
 .text.xQueueGenericReceive
                0x80002ca4      0x11c src/ASF/thirdparty/freertos/freertos-7.0.0/source/queue.o
                0x80002ca4                xQueueGenericReceive
 .text.xQueueGenericSend
                0x80002dc0      0x100 src/ASF/thirdparty/freertos/freertos-7.0.0/source/queue.o
                0x80002dc0                xQueueGenericSend
 .text.xQueueCreate
                0x80002ec0       0x74 src/ASF/thirdparty/freertos/freertos-7.0.0/source/queue.o
                0x80002ec0                xQueueCreate
 .text.vTaskSuspendAll
                0x80002f34       0x10 src/ASF/thirdparty/freertos/freertos-7.0.0/source/tasks.o
                0x80002f34                vTaskSuspendAll
 .text.vTaskSwitchContext
                0x80002f44       0x7c src/ASF/thirdparty/freertos/freertos-7.0.0/source/tasks.o
                0x80002f44                vTaskSwitchContext
 .text.vTaskSetTimeOutState
                0x80002fc0       0x18 src/ASF/thirdparty/freertos/freertos-7.0.0/source/tasks.o
                0x80002fc0                vTaskSetTimeOutState
 .text.vTaskMissedYield
                0x80002fd8        0xc src/ASF/thirdparty/freertos/freertos-7.0.0/source/tasks.o
                0x80002fd8                vTaskMissedYield
 .text.xTaskCheckForTimeOut
                0x80002fe4       0x70 src/ASF/thirdparty/freertos/freertos-7.0.0/source/tasks.o
                0x80002fe4                xTaskCheckForTimeOut
 .text.xTaskRemoveFromEventList
                0x80003054       0x7c src/ASF/thirdparty/freertos/freertos-7.0.0/source/tasks.o
                0x80003054                xTaskRemoveFromEventList
 .text.vTaskIncrementTick
                0x800030d0      0x114 src/ASF/thirdparty/freertos/freertos-7.0.0/source/tasks.o
                0x800030d0                vTaskIncrementTick
 .text.xTaskResumeAll
                0x800031e4       0xe8 src/ASF/thirdparty/freertos/freertos-7.0.0/source/tasks.o
                0x800031e4                xTaskResumeAll
 .text.prvAddCurrentTaskToDelayedList
                0x800032cc       0x5c src/ASF/thirdparty/freertos/freertos-7.0.0/source/tasks.o
 .text.vTaskDelay
                0x80003328       0x48 src/ASF/thirdparty/freertos/freertos-7.0.0/source/tasks.o
                0x80003328                vTaskDelay
 .text.vTaskPlaceOnEventList
                0x80003370       0x58 src/ASF/thirdparty/freertos/freertos-7.0.0/source/tasks.o
                0x80003370                vTaskPlaceOnEventList
 .text.prvIdleTask
                0x800033c8       0x80 src/ASF/thirdparty/freertos/freertos-7.0.0/source/tasks.o
 .text.xTaskGenericCreate
                0x80003448      0x1e4 src/ASF/thirdparty/freertos/freertos-7.0.0/source/tasks.o
                0x80003448                xTaskGenericCreate
 .text.vTaskStartScheduler
                0x8000362c       0x4c src/ASF/thirdparty/freertos/freertos-7.0.0/source/tasks.o
                0x8000362c                vTaskStartScheduler
 .text          0x80003678      0x160 c:/program files (x86)/atmel/studio/7.0/toolchain/avr32/avr32-gnu-toolchain/bin/../lib/gcc/avr32/4.4.7/ucr2\libgcc.a(_avr32_f32_div.o)
                0x80003678                __avr32_f32_div
 .text          0x800037d8      0x180 c:/program files (x86)/atmel/studio/7.0/toolchain/avr32/avr32-gnu-toolchain/bin/../lib/gcc/avr32/4.4.7/ucr2\libgcc.a(_avr32_f32_addsub.o)
                0x800037dc                __avr32_f32_sub
                0x800038ac                __avr32_f32_add
 .text          0x80003958       0xe2 c:/program files (x86)/atmel/studio/7.0/toolchain/avr32/avr32-gnu-toolchain/bin/../lib/gcc/avr32/4.4.7/ucr2\libgcc.a(_avr32_f32_mul.o)
                0x80003958                __avr32_f32_mul
 .text          0x80003a3a       0x74 c:/program files (x86)/atmel/studio/7.0/toolchain/avr32/avr32-gnu-toolchain/bin/../lib/gcc/avr32/4.4.7/ucr2\libgcc.a(_avr32_s32_to_f32.o)
                0x80003a3a                __avr32_s32_to_f32
 .text          0x80003aae       0x1e c:/program files (x86)/atmel/studio/7.0/toolchain/avr32/avr32-gnu-toolchain/bin/../lib/gcc/avr32/4.4.7/ucr2\libgcc.a(_avr32_f32_to_s32.o)
                0x80003aae                __avr32_f32_to_s32
 .text.atexit   0x80003acc       0x10 c:/program files (x86)/atmel/studio/7.0/toolchain/avr32/avr32-gnu-toolchain/bin/../lib/gcc/avr32/4.4.7/../../../../avr32/lib/ucr2\libc.a(lib_a-atexit.o)
                                 0x14 (size before relaxing)
                0x80003acc                atexit
 .text.exit     0x80003adc       0x20 c:/program files (x86)/atmel/studio/7.0/toolchain/avr32/avr32-gnu-toolchain/bin/../lib/gcc/avr32/4.4.7/../../../../avr32/lib/ucr2\libc.a(lib_a-exit.o)
                                 0x28 (size before relaxing)
                0x80003adc                exit
 .text.free     0x80003afc       0x10 c:/program files (x86)/atmel/studio/7.0/toolchain/avr32/avr32-gnu-toolchain/bin/../lib/gcc/avr32/4.4.7/../../../../avr32/lib/ucr2\libc.a(lib_a-malloc.o)
                                 0x18 (size before relaxing)
                0x80003afc                free
 .text.malloc   0x80003b0c       0x10 c:/program files (x86)/atmel/studio/7.0/toolchain/avr32/avr32-gnu-toolchain/bin/../lib/gcc/avr32/4.4.7/../../../../avr32/lib/ucr2\libc.a(lib_a-malloc.o)
                                 0x18 (size before relaxing)
                0x80003b0c                malloc
 .text._malloc_r
                0x80003b1c      0x434 c:/program files (x86)/atmel/studio/7.0/toolchain/avr32/avr32-gnu-toolchain/bin/../lib/gcc/avr32/4.4.7/../../../../avr32/lib/ucr2\libc.a(lib_a-mallocr.o)
                                0x450 (size before relaxing)
                0x80003b1c                _malloc_r
 .text          0x80003f50      0x148 c:/program files (x86)/atmel/studio/7.0/toolchain/avr32/avr32-gnu-toolchain/bin/../lib/gcc/avr32/4.4.7/../../../../avr32/lib/ucr2\libc.a(lib_a-memcpy.o)
                0x80003f50                memcpy
 .text.memset   0x80004098        0xe c:/program files (x86)/atmel/studio/7.0/toolchain/avr32/avr32-gnu-toolchain/bin/../lib/gcc/avr32/4.4.7/../../../../avr32/lib/ucr2\libc.a(lib_a-memset.o)
                0x80004098                memset
 *fill*         0x800040a6        0x2 d703d703
 .text._sbrk_r  0x800040a8       0x20 c:/program files (x86)/atmel/studio/7.0/toolchain/avr32/avr32-gnu-toolchain/bin/../lib/gcc/avr32/4.4.7/../../../../avr32/lib/ucr2\libc.a(lib_a-sbrkr.o)
                                 0x28 (size before relaxing)
                0x800040a8                _sbrk_r
 .text          0x800040c8       0x20 c:/program files (x86)/atmel/studio/7.0/toolchain/avr32/avr32-gnu-toolchain/bin/../lib/gcc/avr32/4.4.7/../../../../avr32/lib/ucr2\libc.a(lib_a-strncpy.o)
                0x800040c8                strncpy
 .text._init_argv
                0x800040e8        0xa c:/program files (x86)/atmel/studio/7.0/toolchain/avr32/avr32-gnu-toolchain/bin/../lib/gcc/avr32/4.4.7/../../../../avr32/lib/ucr2\libc.a(lib_a-syscalls.o)
                0x800040e8                _init_argv
 .text._exit    0x800040f2        0xa c:/program files (x86)/atmel/studio/7.0/toolchain/avr32/avr32-gnu-toolchain/bin/../lib/gcc/avr32/4.4.7/../../../../avr32/lib/ucr2\libc.a(lib_a-syscalls.o)
                0x800040f2                _exit
 .text._sbrk    0x800040fc       0x38 c:/program files (x86)/atmel/studio/7.0/toolchain/avr32/avr32-gnu-toolchain/bin/../lib/gcc/avr32/4.4.7/../../../../avr32/lib/ucr2\libc.a(lib_a-syscalls.o)
                                 0x40 (size before relaxing)
                0x800040fc                _sbrk
 .text.__register_exitproc
                0x80004134       0xa4 c:/program files (x86)/atmel/studio/7.0/toolchain/avr32/avr32-gnu-toolchain/bin/../lib/gcc/avr32/4.4.7/../../../../avr32/lib/ucr2\libc.a(lib_a-__atexit.o)
                                 0xac (size before relaxing)
                0x80004134                __register_exitproc
 .text.__call_exitprocs
                0x800041d8       0xcc c:/program files (x86)/atmel/studio/7.0/toolchain/avr32/avr32-gnu-toolchain/bin/../lib/gcc/avr32/4.4.7/../../../../avr32/lib/ucr2\libc.a(lib_a-__call_atexit.o)
                                 0xd4 (size before relaxing)
                0x800041d8                __call_exitprocs
 .text.__errno  0x800042a4        0xc c:/program files (x86)/atmel/studio/7.0/toolchain/avr32/avr32-gnu-toolchain/bin/../lib/gcc/avr32/4.4.7/../../../../avr32/lib/ucr2\libc.a(lib_a-errno.o)
                0x800042a4                __errno
 .text._malloc_trim_r
                0x800042b0       0x90 c:/program files (x86)/atmel/studio/7.0/toolchain/avr32/avr32-gnu-toolchain/bin/../lib/gcc/avr32/4.4.7/../../../../avr32/lib/ucr2\libc.a(lib_a-freer.o)
                                 0xa8 (size before relaxing)
                0x800042b0                _malloc_trim_r
 .text._free_r  0x80004340      0x18c c:/program files (x86)/atmel/studio/7.0/toolchain/avr32/avr32-gnu-toolchain/bin/../lib/gcc/avr32/4.4.7/../../../../avr32/lib/ucr2\libc.a(lib_a-freer.o)
                                0x1a0 (size before relaxing)
                0x80004340                _free_r
 .text          0x800044cc       0x14 c:/program files (x86)/atmel/studio/7.0/toolchain/avr32/avr32-gnu-toolchain/bin/../lib/gcc/avr32/4.4.7/ucr2/crtend.o
                                 0x18 (size before relaxing)
 *(.text.*personality*)
 *(.gnu.warning)

.exception      0x80004600      0x200
 .exception     0x80004600      0x200 src/ASF/thirdparty/freertos/freertos-7.0.0/source/portable/gcc/avr32_uc3/exception.o
                0x80004600                _evba
                0x80004704                _int0
                0x80004712                _int1
                0x80004720                _int2
                0x8000472e                _int3

.fini           0x80004800       0x18
 *(.fini)
 .fini          0x80004800       0x10 c:/program files (x86)/atmel/studio/7.0/toolchain/avr32/avr32-gnu-toolchain/bin/../lib/gcc/avr32/4.4.7/ucr2/crti.o
                0x80004800                _fini
 .fini          0x80004810        0x4 c:/program files (x86)/atmel/studio/7.0/toolchain/avr32/avr32-gnu-toolchain/bin/../lib/gcc/avr32/4.4.7/ucr2/crtbegin.o
 .fini          0x80004814        0x4 c:/program files (x86)/atmel/studio/7.0/toolchain/avr32/avr32-gnu-toolchain/bin/../lib/gcc/avr32/4.4.7/ucr2/crtn.o
                0x80004818                PROVIDE (__etext, .)
                0x80004818                PROVIDE (_etext, .)
                0x80004818                PROVIDE (etext, .)

.rodata         0x80004818      0x150
 *(.rodata .rodata.* .gnu.linkonce.r.*)
 .rodata._int_handler_table
                0x80004818       0xa0 src/ASF/avr32/drivers/intc/intc.o
 .rodata.str1.4
                0x800048b8        0x5 src/ASF/thirdparty/freertos/demo/common/minimal/model.o
                                  0x8 (size before relaxing)
 *fill*         0x800048bd        0x3 
 .rodata.USART_OPTIONS.11374
                0x800048c0        0xc src/ASF/thirdparty/freertos/demo/common/minimal/USART_RCV.o
 .rodata.USART_GPIO_MAP.11373
                0x800048cc       0x10 src/ASF/thirdparty/freertos/demo/common/minimal/USART_RCV.o
 .rodata.str1.4
                0x00000000        0x8 src/ASF/thirdparty/freertos/demo/common/minimal/USART_RCV.o
 .rodata.USART_GPIO_MAP.11297
                0x800048dc       0x10 src/ASF/thirdparty/freertos/demo/common/minimal/USART_TRX.o
 .rodata.str1.4
                0x00000000        0x8 src/ASF/thirdparty/freertos/demo/common/minimal/USART_TRX.o
 .rodata.USART_OPTIONS.11298
                0x800048ec        0xc src/ASF/thirdparty/freertos/demo/common/minimal/USART_TRX.o
 .rodata.str1.4
                0x800048f8        0x5 src/ASF/thirdparty/freertos/freertos-7.0.0/source/tasks.o
                                  0x8 (size before relaxing)
 *fill*         0x800048fd        0x3 
 .rodata.str1.4
                0x80004900        0x4 c:/program files (x86)/atmel/studio/7.0/toolchain/avr32/avr32-gnu-toolchain/bin/../lib/gcc/avr32/4.4.7/../../../../avr32/lib/ucr2\libc.a(lib_a-impure.o)
 .rodata._global_impure_ptr
                0x80004904        0x4 c:/program files (x86)/atmel/studio/7.0/toolchain/avr32/avr32-gnu-toolchain/bin/../lib/gcc/avr32/4.4.7/../../../../avr32/lib/ucr2\libc.a(lib_a-impure.o)
                0x80004904                _global_impure_ptr
 .rodata.__sf_fake_stdin
                0x80004908       0x20 c:/program files (x86)/atmel/studio/7.0/toolchain/avr32/avr32-gnu-toolchain/bin/../lib/gcc/avr32/4.4.7/../../../../avr32/lib/ucr2\libc.a(lib_a-findfp.o)
                0x80004908                __sf_fake_stdin
 .rodata.__sf_fake_stdout
                0x80004928       0x20 c:/program files (x86)/atmel/studio/7.0/toolchain/avr32/avr32-gnu-toolchain/bin/../lib/gcc/avr32/4.4.7/../../../../avr32/lib/ucr2\libc.a(lib_a-findfp.o)
                0x80004928                __sf_fake_stdout
 .rodata.__sf_fake_stderr
                0x80004948       0x20 c:/program files (x86)/atmel/studio/7.0/toolchain/avr32/avr32-gnu-toolchain/bin/../lib/gcc/avr32/4.4.7/../../../../avr32/lib/ucr2\libc.a(lib_a-findfp.o)
                0x80004948                __sf_fake_stderr

.rodata1
 *(.rodata1)

.eh_frame_hdr
 *(.eh_frame_hdr)

.eh_frame
 *(.eh_frame)

.gcc_except_table
 *(.gcc_except_table)
 *(.gcc_except_table.*)

.lalign         0x80004968        0x0
                0x80004968                . = ALIGN (0x8)
                0x80004968                PROVIDE (_data_lma, .)
                0x00000004                . = ORIGIN (INTRAM)

.dalign         0x00000004        0x4
                0x00000008                . = ALIGN (0x8)
 *fill*         0x00000004        0x4 
                0x00000008                PROVIDE (_data, .)

.eh_frame
 *(.eh_frame)

.gcc_except_table
 *(.gcc_except_table)
 *(.gcc_except_table.*)

.tdata
 *(.tdata .tdata.* .gnu.linkonce.td.*)

.tbss
 *(.tbss .tbss.* .gnu.linkonce.tb.*)
 *(.tcommon)
                0x00000008                PROVIDE (__preinit_array_start, ALIGN (0x4))

.preinit_array
 *(.preinit_array)
                0x00000008                PROVIDE (__preinit_array_end, .)
                0x00000008                PROVIDE (__init_array_start, .)

.init_array
 *(.init_array)
                0x00000008                PROVIDE (__init_array_end, .)
                0x00000008                PROVIDE (__fini_array_start, .)

.fini_array
 *(.fini_array)
                0x00000008                PROVIDE (__fini_array_end, .)

.ctors          0x00000008        0x8 load address 0x80004968
 *crtbegin*.o(.ctors)
 .ctors         0x00000008        0x4 c:/program files (x86)/atmel/studio/7.0/toolchain/avr32/avr32-gnu-toolchain/bin/../lib/gcc/avr32/4.4.7/ucr2/crtbegin.o
 *(EXCLUDE_FILE(*crtend*.o) .ctors)
 *(SORT(.ctors.*))
 *(.ctors)
 .ctors         0x0000000c        0x4 c:/program files (x86)/atmel/studio/7.0/toolchain/avr32/avr32-gnu-toolchain/bin/../lib/gcc/avr32/4.4.7/ucr2/crtend.o

.dtors          0x00000010        0x8 load address 0x80004970
 *crtbegin*.o(.dtors)
 .dtors         0x00000010        0x4 c:/program files (x86)/atmel/studio/7.0/toolchain/avr32/avr32-gnu-toolchain/bin/../lib/gcc/avr32/4.4.7/ucr2/crtbegin.o
 *(EXCLUDE_FILE(*crtend*.o) .dtors)
 *(SORT(.dtors.*))
 *(.dtors)
 .dtors         0x00000014        0x4 c:/program files (x86)/atmel/studio/7.0/toolchain/avr32/avr32-gnu-toolchain/bin/../lib/gcc/avr32/4.4.7/ucr2/crtend.o
                0x00000014                __DTOR_END__

.jcr            0x00000018        0x4 load address 0x80004978
 *(.jcr)
 .jcr           0x00000018        0x0 c:/program files (x86)/atmel/studio/7.0/toolchain/avr32/avr32-gnu-toolchain/bin/../lib/gcc/avr32/4.4.7/ucr2/crtbegin.o
 .jcr           0x00000018        0x4 c:/program files (x86)/atmel/studio/7.0/toolchain/avr32/avr32-gnu-toolchain/bin/../lib/gcc/avr32/4.4.7/ucr2/crtend.o

.data.rel.ro
 *(.data.rel.ro.local)
 *(.data.rel.ro*)

.dynamic
 *(.dynamic)

.got            0x0000001c        0x0 load address 0x8000497c
 *(.got.plt)
 *(.got)
 .got           0x0000001c        0x0 c:/program files (x86)/atmel/studio/7.0/toolchain/avr32/avr32-gnu-toolchain/bin/../lib/gcc/avr32/4.4.7/../../../../avr32/lib/ucr2/crt0.o
                0x0000001c                _GLOBAL_OFFSET_TABLE_

.ramtext
 *(.ramtext .ramtext.*)

.ddalign        0x0000001c        0x0 load address 0x8000497c
                0x00000020                . = ALIGN (0x8)

.data           0x0000001c      0x524 load address 0x8000497c
 *(.data .data.* .gnu.linkonce.d.*)
 .data.dt       0x0000001c        0x4 src/ASF/thirdparty/freertos/demo/common/minimal/model.o
                0x0000001c                dt
 .data.c        0x00000020        0x4 src/ASF/thirdparty/freertos/demo/common/minimal/model.o
                0x00000020                c
 .data.c1       0x00000024        0x4 src/ASF/thirdparty/freertos/demo/common/minimal/model.o
                0x00000024                c1
 .data.res      0x00000028        0x4 src/ASF/thirdparty/freertos/demo/common/minimal/USART_RCV.o
                0x00000028                res
 .data.receivedChar
                0x0000002c        0x4 src/ASF/thirdparty/freertos/demo/common/minimal/USART_RCV.o
                0x0000002c                receivedChar
 .data.resTrx   0x00000030        0x4 src/ASF/thirdparty/freertos/demo/common/minimal/USART_TRX.o
                0x00000030                resTrx
 .data.ulCriticalNesting
                0x00000034        0x4 src/ASF/thirdparty/freertos/freertos-7.0.0/source/portable/gcc/avr32_uc3/port.o
                0x00000034                ulCriticalNesting
 .data.xNextTaskUnblockTime
                0x00000038        0x4 src/ASF/thirdparty/freertos/freertos-7.0.0/source/tasks.o
 .data.impure_data
                0x0000003c       0xf0 c:/program files (x86)/atmel/studio/7.0/toolchain/avr32/avr32-gnu-toolchain/bin/../lib/gcc/avr32/4.4.7/../../../../avr32/lib/ucr2\libc.a(lib_a-impure.o)
 .data._impure_ptr
                0x0000012c        0x4 c:/program files (x86)/atmel/studio/7.0/toolchain/avr32/avr32-gnu-toolchain/bin/../lib/gcc/avr32/4.4.7/../../../../avr32/lib/ucr2\libc.a(lib_a-impure.o)
                0x0000012c                _impure_ptr
 .data.__malloc_av_
                0x00000130      0x408 c:/program files (x86)/atmel/studio/7.0/toolchain/avr32/avr32-gnu-toolchain/bin/../lib/gcc/avr32/4.4.7/../../../../avr32/lib/ucr2\libc.a(lib_a-mallocr.o)
                0x00000130                __malloc_av_
 .data.__malloc_trim_threshold
                0x00000538        0x4 c:/program files (x86)/atmel/studio/7.0/toolchain/avr32/avr32-gnu-toolchain/bin/../lib/gcc/avr32/4.4.7/../../../../avr32/lib/ucr2\libc.a(lib_a-mallocr.o)
                0x00000538                __malloc_trim_threshold
 .data.__malloc_sbrk_base
                0x0000053c        0x4 c:/program files (x86)/atmel/studio/7.0/toolchain/avr32/avr32-gnu-toolchain/bin/../lib/gcc/avr32/4.4.7/../../../../avr32/lib/ucr2\libc.a(lib_a-mallocr.o)
                0x0000053c                __malloc_sbrk_base
 *(.gnu.linkonce.d.*personality*)

.data1
 *(.data1)

.balign         0x00000540        0x0 load address 0x80004ea0
                0x00000540                . = ALIGN (0x8)
 *fill*         0x00000540        0x0 
                0x00000540                PROVIDE (_edata, .)
                0x00000540                PROVIDE (edata, .)
                0x00000540                __bss_start = .

.bss            0x00000540      0x288
 *(.dynbss)
 *(.bss .bss.* .gnu.linkonce.b.*)
 .bss           0x00000540        0x8 c:/program files (x86)/atmel/studio/7.0/toolchain/avr32/avr32-gnu-toolchain/bin/../lib/gcc/avr32/4.4.7/ucr2/crtbegin.o
 .bss._int_line_handler_table_6
                0x00000548        0x4 src/ASF/avr32/drivers/intc/intc.o
 .bss._int_line_handler_table_7
                0x0000054c        0x4 src/ASF/avr32/drivers/intc/intc.o
 .bss._int_line_handler_table_8
                0x00000550        0x4 src/ASF/avr32/drivers/intc/intc.o
 .bss._int_line_handler_table_9
                0x00000554        0x4 src/ASF/avr32/drivers/intc/intc.o
 .bss._int_line_handler_table_10
                0x00000558        0x4 src/ASF/avr32/drivers/intc/intc.o
 .bss._int_line_handler_table_11
                0x0000055c        0x4 src/ASF/avr32/drivers/intc/intc.o
 .bss._int_line_handler_table_12
                0x00000560        0x4 src/ASF/avr32/drivers/intc/intc.o
 .bss._int_line_handler_table_13
                0x00000564        0x4 src/ASF/avr32/drivers/intc/intc.o
 .bss._int_line_handler_table_14
                0x00000568        0xc src/ASF/avr32/drivers/intc/intc.o
 .bss._int_line_handler_table_15
                0x00000574        0x4 src/ASF/avr32/drivers/intc/intc.o
 .bss._int_line_handler_table_16
                0x00000578        0x4 src/ASF/avr32/drivers/intc/intc.o
 .bss._int_line_handler_table_17
                0x0000057c        0x4 src/ASF/avr32/drivers/intc/intc.o
 .bss._int_line_handler_table_18
                0x00000580        0x4 src/ASF/avr32/drivers/intc/intc.o
 .bss._int_line_handler_table_19
                0x00000584        0x4 src/ASF/avr32/drivers/intc/intc.o
 .bss._int_line_handler_table_0
                0x00000588        0x4 src/ASF/avr32/drivers/intc/intc.o
 .bss._int_line_handler_table_1
                0x0000058c       0x2c src/ASF/avr32/drivers/intc/intc.o
 .bss._int_line_handler_table_2
                0x000005b8       0x38 src/ASF/avr32/drivers/intc/intc.o
 .bss._int_line_handler_table_3
                0x000005f0       0x3c src/ASF/avr32/drivers/intc/intc.o
 .bss._int_line_handler_table_4
                0x0000062c        0x4 src/ASF/avr32/drivers/intc/intc.o
 .bss._int_line_handler_table_5
                0x00000630        0x4 src/ASF/avr32/drivers/intc/intc.o
 .bss.xQueueRcv
                0x00000634        0x4 src/ASF/thirdparty/freertos/demo/avr32_uc3_example/main.o
                0x00000634                xQueueRcv
 .bss.xQueueTrx
                0x00000638        0x4 src/ASF/thirdparty/freertos/demo/avr32_uc3_example/main.o
                0x00000638                xQueueTrx
 .bss.DataToReadModel
                0x0000063c        0x4 src/ASF/thirdparty/freertos/demo/common/minimal/model.o
                0x0000063c                DataToReadModel
 .bss.y         0x00000640        0x4 src/ASF/thirdparty/freertos/demo/common/minimal/model.o
                0x00000640                y
 .bss.DataToSendModel
                0x00000644        0x4 src/ASF/thirdparty/freertos/demo/common/minimal/model.o
                0x00000644                DataToSendModel
 .bss.DataToReadTRX
                0x00000648        0x4 src/ASF/thirdparty/freertos/demo/common/minimal/USART_TRX.o
                0x00000648                DataToReadTRX
 .bss.uxMissedTicks
                0x0000064c        0x4 src/ASF/thirdparty/freertos/freertos-7.0.0/source/tasks.o
 .bss.uxTopUsedPriority
                0x00000650        0x4 src/ASF/thirdparty/freertos/freertos-7.0.0/source/tasks.o
 .bss.pxDelayedTaskList
                0x00000654        0x4 src/ASF/thirdparty/freertos/freertos-7.0.0/source/tasks.o
 .bss.xSchedulerRunning
                0x00000658        0x4 src/ASF/thirdparty/freertos/freertos-7.0.0/source/tasks.o
 .bss.uxTasksDeleted
                0x0000065c        0x4 src/ASF/thirdparty/freertos/freertos-7.0.0/source/tasks.o
 .bss.xNumOfOverflows
                0x00000660        0x4 src/ASF/thirdparty/freertos/freertos-7.0.0/source/tasks.o
 .bss.pxOverflowDelayedTaskList
                0x00000664        0x4 src/ASF/thirdparty/freertos/freertos-7.0.0/source/tasks.o
 .bss.pxReadyTasksLists
                0x00000668       0xa0 src/ASF/thirdparty/freertos/freertos-7.0.0/source/tasks.o
 .bss.xTasksWaitingTermination
                0x00000708       0x14 src/ASF/thirdparty/freertos/freertos-7.0.0/source/tasks.o
 .bss.pxCurrentTCB
                0x0000071c        0x4 src/ASF/thirdparty/freertos/freertos-7.0.0/source/tasks.o
                0x0000071c                pxCurrentTCB
 .bss.xPendingReadyList
                0x00000720       0x14 src/ASF/thirdparty/freertos/freertos-7.0.0/source/tasks.o
 .bss.xDelayedTaskList1
                0x00000734       0x14 src/ASF/thirdparty/freertos/freertos-7.0.0/source/tasks.o
 .bss.xTickCount
                0x00000748        0x4 src/ASF/thirdparty/freertos/freertos-7.0.0/source/tasks.o
 .bss.uxSchedulerSuspended
                0x0000074c        0x4 src/ASF/thirdparty/freertos/freertos-7.0.0/source/tasks.o
 .bss.xDelayedTaskList2
                0x00000750       0x14 src/ASF/thirdparty/freertos/freertos-7.0.0/source/tasks.o
 .bss.uxTaskNumber
                0x00000764        0x4 src/ASF/thirdparty/freertos/freertos-7.0.0/source/tasks.o
 .bss.uxCurrentNumberOfTasks
                0x00000768        0x4 src/ASF/thirdparty/freertos/freertos-7.0.0/source/tasks.o
 .bss.xMissedYield
                0x0000076c        0x4 src/ASF/thirdparty/freertos/freertos-7.0.0/source/tasks.o
 .bss.xSuspendedTaskList
                0x00000770       0x14 src/ASF/thirdparty/freertos/freertos-7.0.0/source/tasks.o
 .bss.uxTopReadyPriority
                0x00000784        0x4 src/ASF/thirdparty/freertos/freertos-7.0.0/source/tasks.o
 .bss.__malloc_max_total_mem
                0x00000788        0x4 c:/program files (x86)/atmel/studio/7.0/toolchain/avr32/avr32-gnu-toolchain/bin/../lib/gcc/avr32/4.4.7/../../../../avr32/lib/ucr2\libc.a(lib_a-mallocr.o)
                0x00000788                __malloc_max_total_mem
 .bss.__malloc_max_sbrked_mem
                0x0000078c        0x4 c:/program files (x86)/atmel/studio/7.0/toolchain/avr32/avr32-gnu-toolchain/bin/../lib/gcc/avr32/4.4.7/../../../../avr32/lib/ucr2\libc.a(lib_a-mallocr.o)
                0x0000078c                __malloc_max_sbrked_mem
 .bss.__malloc_top_pad
                0x00000790        0x4 c:/program files (x86)/atmel/studio/7.0/toolchain/avr32/avr32-gnu-toolchain/bin/../lib/gcc/avr32/4.4.7/../../../../avr32/lib/ucr2\libc.a(lib_a-mallocr.o)
                0x00000790                __malloc_top_pad
 .bss.__malloc_current_mallinfo
                0x00000794       0x28 c:/program files (x86)/atmel/studio/7.0/toolchain/avr32/avr32-gnu-toolchain/bin/../lib/gcc/avr32/4.4.7/../../../../avr32/lib/ucr2\libc.a(lib_a-mallocr.o)
                0x00000794                __malloc_current_mallinfo
 .bss.cur_heap_pos.1869
                0x000007bc        0x4 c:/program files (x86)/atmel/studio/7.0/toolchain/avr32/avr32-gnu-toolchain/bin/../lib/gcc/avr32/4.4.7/../../../../avr32/lib/ucr2\libc.a(lib_a-syscalls.o)
 *(COMMON)
 COMMON         0x000007c0        0x4 c:/program files (x86)/atmel/studio/7.0/toolchain/avr32/avr32-gnu-toolchain/bin/../lib/gcc/avr32/4.4.7/../../../../avr32/lib/ucr2\libc.a(lib_a-reent.o)
                0x000007c0                errno
                0x000007c8                . = ALIGN (0x8)
 *fill*         0x000007c4        0x4 
                0x000007c8                . = ALIGN (0x8)
                0x000007c8                _end = .
                0x000007c8                PROVIDE (end, .)
                0x000007c8                __heap_start__ = ALIGN (0x8)

.heap           0x000007c8     0xe838
 *(.heap)
                0x0000e838                . = (__heap_size__ == __max_heap_size__)?(((ORIGIN (INTRAM) + 0xfffc) - __stack_size__) - ABSOLUTE (.)):__heap_size__
 *fill*         0x000007c8     0xe838 
                0x0000f000                __heap_end__ = .

.stab
 *(.stab)

.stabstr
 *(.stabstr)

.stab.excl
 *(.stab.excl)

.stab.exclstr
 *(.stab.exclstr)

.stab.index
 *(.stab.index)

.stab.indexstr
 *(.stab.indexstr)

.comment        0x00000000       0x30
 *(.comment)
 .comment       0x00000000       0x30 c:/program files (x86)/atmel/studio/7.0/toolchain/avr32/avr32-gnu-toolchain/bin/../lib/gcc/avr32/4.4.7/ucr2/crtbegin.o
                                 0x31 (size before relaxing)
 .comment       0x00000000       0x31 src/ASF/avr32/drivers/gpio/gpio.o
 .comment       0x00000000       0x31 src/ASF/avr32/drivers/intc/intc.o
 .comment       0x00000000       0x31 src/ASF/avr32/drivers/pm/pm.o
 .comment       0x00000000       0x31 src/ASF/avr32/drivers/pm/power_clocks_lib.o
 .comment       0x00000000       0x31 src/ASF/avr32/drivers/usart/usart.o
 .comment       0x00000000       0x31 src/ASF/thirdparty/freertos/demo/avr32_uc3_example/main.o
 .comment       0x00000000       0x31 src/ASF/thirdparty/freertos/demo/common/minimal/model.o
 .comment       0x00000000       0x31 src/ASF/thirdparty/freertos/demo/common/minimal/USART_RCV.o
 .comment       0x00000000       0x31 src/ASF/thirdparty/freertos/demo/common/minimal/USART_TRX.o
 .comment       0x00000000       0x31 src/ASF/thirdparty/freertos/freertos-7.0.0/source/list.o
 .comment       0x00000000       0x31 src/ASF/thirdparty/freertos/freertos-7.0.0/source/portable/gcc/avr32_uc3/port.o
 .comment       0x00000000       0x31 src/ASF/thirdparty/freertos/freertos-7.0.0/source/portable/memmang/heap_3.o
 .comment       0x00000000       0x31 src/ASF/thirdparty/freertos/freertos-7.0.0/source/queue.o
 .comment       0x00000000       0x31 src/ASF/thirdparty/freertos/freertos-7.0.0/source/tasks.o
 .comment       0x00000000       0x31 c:/program files (x86)/atmel/studio/7.0/toolchain/avr32/avr32-gnu-toolchain/bin/../lib/gcc/avr32/4.4.7/../../../../avr32/lib/ucr2\libc.a(lib_a-atexit.o)
 .comment       0x00000000       0x31 c:/program files (x86)/atmel/studio/7.0/toolchain/avr32/avr32-gnu-toolchain/bin/../lib/gcc/avr32/4.4.7/../../../../avr32/lib/ucr2\libc.a(lib_a-exit.o)
 .comment       0x00000000       0x31 c:/program files (x86)/atmel/studio/7.0/toolchain/avr32/avr32-gnu-toolchain/bin/../lib/gcc/avr32/4.4.7/../../../../avr32/lib/ucr2\libc.a(lib_a-impure.o)
 .comment       0x00000000       0x31 c:/program files (x86)/atmel/studio/7.0/toolchain/avr32/avr32-gnu-toolchain/bin/../lib/gcc/avr32/4.4.7/../../../../avr32/lib/ucr2\libc.a(lib_a-malloc.o)
 .comment       0x00000000       0x31 c:/program files (x86)/atmel/studio/7.0/toolchain/avr32/avr32-gnu-toolchain/bin/../lib/gcc/avr32/4.4.7/../../../../avr32/lib/ucr2\libc.a(lib_a-mallocr.o)
 .comment       0x00000000       0x31 c:/program files (x86)/atmel/studio/7.0/toolchain/avr32/avr32-gnu-toolchain/bin/../lib/gcc/avr32/4.4.7/../../../../avr32/lib/ucr2\libc.a(lib_a-memset.o)
 .comment       0x00000000       0x31 c:/program files (x86)/atmel/studio/7.0/toolchain/avr32/avr32-gnu-toolchain/bin/../lib/gcc/avr32/4.4.7/../../../../avr32/lib/ucr2\libc.a(lib_a-sbrkr.o)
 .comment       0x00000000       0x31 c:/program files (x86)/atmel/studio/7.0/toolchain/avr32/avr32-gnu-toolchain/bin/../lib/gcc/avr32/4.4.7/../../../../avr32/lib/ucr2\libc.a(lib_a-syscalls.o)
 .comment       0x00000000       0x31 c:/program files (x86)/atmel/studio/7.0/toolchain/avr32/avr32-gnu-toolchain/bin/../lib/gcc/avr32/4.4.7/../../../../avr32/lib/ucr2\libc.a(lib_a-__atexit.o)
 .comment       0x00000000       0x31 c:/program files (x86)/atmel/studio/7.0/toolchain/avr32/avr32-gnu-toolchain/bin/../lib/gcc/avr32/4.4.7/../../../../avr32/lib/ucr2\libc.a(lib_a-__call_atexit.o)
 .comment       0x00000000       0x31 c:/program files (x86)/atmel/studio/7.0/toolchain/avr32/avr32-gnu-toolchain/bin/../lib/gcc/avr32/4.4.7/../../../../avr32/lib/ucr2\libc.a(lib_a-errno.o)
 .comment       0x00000000       0x31 c:/program files (x86)/atmel/studio/7.0/toolchain/avr32/avr32-gnu-toolchain/bin/../lib/gcc/avr32/4.4.7/../../../../avr32/lib/ucr2\libc.a(lib_a-findfp.o)
 .comment       0x00000000       0x31 c:/program files (x86)/atmel/studio/7.0/toolchain/avr32/avr32-gnu-toolchain/bin/../lib/gcc/avr32/4.4.7/../../../../avr32/lib/ucr2\libc.a(lib_a-freer.o)
 .comment       0x00000000       0x31 c:/program files (x86)/atmel/studio/7.0/toolchain/avr32/avr32-gnu-toolchain/bin/../lib/gcc/avr32/4.4.7/../../../../avr32/lib/ucr2\libc.a(lib_a-reent.o)
 .comment       0x00000000       0x31 c:/program files (x86)/atmel/studio/7.0/toolchain/avr32/avr32-gnu-toolchain/bin/../lib/gcc/avr32/4.4.7/ucr2/crtend.o

.debug
 *(.debug)

.line
 *(.line)

.debug_srcinfo
 *(.debug_srcinfo)

.debug_sfnames
 *(.debug_sfnames)

.debug_aranges  0x00000000      0xa08
 *(.debug_aranges)
 .debug_aranges
                0x00000000      0x100 src/ASF/avr32/drivers/gpio/gpio.o
 .debug_aranges
                0x00000100       0x38 src/ASF/avr32/drivers/intc/intc.o
 .debug_aranges
                0x00000138      0x190 src/ASF/avr32/drivers/pm/pm.o
 .debug_aranges
                0x000002c8       0x40 src/ASF/avr32/drivers/pm/power_clocks_lib.o
 .debug_aranges
                0x00000308       0xe0 src/ASF/avr32/drivers/usart/usart.o
 .debug_aranges
                0x000003e8       0x20 src/ASF/avr32/utils/startup/trampoline_uc3.o
 .debug_aranges
                0x00000408       0x20 src/ASF/thirdparty/freertos/demo/avr32_uc3_example/main.o
 .debug_aranges
                0x00000428       0x28 src/ASF/thirdparty/freertos/demo/common/minimal/model.o
 .debug_aranges
                0x00000450       0x28 src/ASF/thirdparty/freertos/demo/common/minimal/USART_RCV.o
 .debug_aranges
                0x00000478       0x28 src/ASF/thirdparty/freertos/demo/common/minimal/USART_TRX.o
 .debug_aranges
                0x000004a0       0x40 src/ASF/thirdparty/freertos/freertos-7.0.0/source/list.o
 .debug_aranges
                0x000004e0       0x20 src/ASF/thirdparty/freertos/freertos-7.0.0/source/portable/gcc/avr32_uc3/exception.o
 .debug_aranges
                0x00000500       0x78 src/ASF/thirdparty/freertos/freertos-7.0.0/source/portable/gcc/avr32_uc3/port.o
 .debug_aranges
                0x00000578       0x28 src/ASF/thirdparty/freertos/freertos-7.0.0/source/portable/memmang/heap_3.o
 .debug_aranges
                0x000005a0       0x80 src/ASF/thirdparty/freertos/freertos-7.0.0/source/queue.o
 .debug_aranges
                0x00000620       0xf0 src/ASF/thirdparty/freertos/freertos-7.0.0/source/tasks.o
 .debug_aranges
                0x00000710       0x20 c:/program files (x86)/atmel/studio/7.0/toolchain/avr32/avr32-gnu-toolchain/bin/../lib/gcc/avr32/4.4.7/../../../../avr32/lib/ucr2\libc.a(lib_a-atexit.o)
 .debug_aranges
                0x00000730       0x20 c:/program files (x86)/atmel/studio/7.0/toolchain/avr32/avr32-gnu-toolchain/bin/../lib/gcc/avr32/4.4.7/../../../../avr32/lib/ucr2\libc.a(lib_a-exit.o)
 .debug_aranges
                0x00000750       0x28 c:/program files (x86)/atmel/studio/7.0/toolchain/avr32/avr32-gnu-toolchain/bin/../lib/gcc/avr32/4.4.7/../../../../avr32/lib/ucr2\libc.a(lib_a-malloc.o)
 .debug_aranges
                0x00000778       0x20 c:/program files (x86)/atmel/studio/7.0/toolchain/avr32/avr32-gnu-toolchain/bin/../lib/gcc/avr32/4.4.7/../../../../avr32/lib/ucr2\libc.a(lib_a-mallocr.o)
 .debug_aranges
                0x00000798       0x20 c:/program files (x86)/atmel/studio/7.0/toolchain/avr32/avr32-gnu-toolchain/bin/../lib/gcc/avr32/4.4.7/../../../../avr32/lib/ucr2\libc.a(lib_a-memset.o)
 .debug_aranges
                0x000007b8       0x20 c:/program files (x86)/atmel/studio/7.0/toolchain/avr32/avr32-gnu-toolchain/bin/../lib/gcc/avr32/4.4.7/../../../../avr32/lib/ucr2\libc.a(lib_a-sbrkr.o)
 .debug_aranges
                0x000007d8       0xf8 c:/program files (x86)/atmel/studio/7.0/toolchain/avr32/avr32-gnu-toolchain/bin/../lib/gcc/avr32/4.4.7/../../../../avr32/lib/ucr2\libc.a(lib_a-syscalls.o)
 .debug_aranges
                0x000008d0       0x20 c:/program files (x86)/atmel/studio/7.0/toolchain/avr32/avr32-gnu-toolchain/bin/../lib/gcc/avr32/4.4.7/../../../../avr32/lib/ucr2\libc.a(lib_a-__atexit.o)
 .debug_aranges
                0x000008f0       0x20 c:/program files (x86)/atmel/studio/7.0/toolchain/avr32/avr32-gnu-toolchain/bin/../lib/gcc/avr32/4.4.7/../../../../avr32/lib/ucr2\libc.a(lib_a-__call_atexit.o)
 .debug_aranges
                0x00000910       0x20 c:/program files (x86)/atmel/studio/7.0/toolchain/avr32/avr32-gnu-toolchain/bin/../lib/gcc/avr32/4.4.7/../../../../avr32/lib/ucr2\libc.a(lib_a-errno.o)
 .debug_aranges
                0x00000930       0x80 c:/program files (x86)/atmel/studio/7.0/toolchain/avr32/avr32-gnu-toolchain/bin/../lib/gcc/avr32/4.4.7/../../../../avr32/lib/ucr2\libc.a(lib_a-findfp.o)
 .debug_aranges
                0x000009b0       0x28 c:/program files (x86)/atmel/studio/7.0/toolchain/avr32/avr32-gnu-toolchain/bin/../lib/gcc/avr32/4.4.7/../../../../avr32/lib/ucr2\libc.a(lib_a-freer.o)
 .debug_aranges
                0x000009d8       0x30 c:/program files (x86)/atmel/studio/7.0/toolchain/avr32/avr32-gnu-toolchain/bin/../lib/gcc/avr32/4.4.7/../../../../avr32/lib/ucr2\libc.a(lib_a-reent.o)

.debug_pubnames
                0x00000000     0x1599
 *(.debug_pubnames)
 .debug_pubnames
                0x00000000      0x330 src/ASF/avr32/drivers/gpio/gpio.o
 .debug_pubnames
                0x00000330       0x62 src/ASF/avr32/drivers/intc/intc.o
 .debug_pubnames
                0x00000392      0x3ee src/ASF/avr32/drivers/pm/pm.o
 .debug_pubnames
                0x00000780       0x82 src/ASF/avr32/drivers/pm/power_clocks_lib.o
 .debug_pubnames
                0x00000802      0x227 src/ASF/avr32/drivers/usart/usart.o
 .debug_pubnames
                0x00000a29       0x45 src/ASF/thirdparty/freertos/demo/avr32_uc3_example/main.o
 .debug_pubnames
                0x00000a6e       0x68 src/ASF/thirdparty/freertos/demo/common/minimal/model.o
 .debug_pubnames
                0x00000ad6       0x61 src/ASF/thirdparty/freertos/demo/common/minimal/USART_RCV.o
 .debug_pubnames
                0x00000b37       0x4a src/ASF/thirdparty/freertos/demo/common/minimal/USART_TRX.o
 .debug_pubnames
                0x00000b81       0x71 src/ASF/thirdparty/freertos/freertos-7.0.0/source/list.o
 .debug_pubnames
                0x00000bf2       0xf6 src/ASF/thirdparty/freertos/freertos-7.0.0/source/portable/gcc/avr32_uc3/port.o
 .debug_pubnames
                0x00000ce8       0x31 src/ASF/thirdparty/freertos/freertos-7.0.0/source/portable/memmang/heap_3.o
 .debug_pubnames
                0x00000d19      0x111 src/ASF/thirdparty/freertos/freertos-7.0.0/source/queue.o
 .debug_pubnames
                0x00000e2a      0x253 src/ASF/thirdparty/freertos/freertos-7.0.0/source/tasks.o
 .debug_pubnames
                0x0000107d       0x1d c:/program files (x86)/atmel/studio/7.0/toolchain/avr32/avr32-gnu-toolchain/bin/../lib/gcc/avr32/4.4.7/../../../../avr32/lib/ucr2\libc.a(lib_a-atexit.o)
 .debug_pubnames
                0x0000109a       0x1b c:/program files (x86)/atmel/studio/7.0/toolchain/avr32/avr32-gnu-toolchain/bin/../lib/gcc/avr32/4.4.7/../../../../avr32/lib/ucr2\libc.a(lib_a-exit.o)
 .debug_pubnames
                0x000010b5       0x39 c:/program files (x86)/atmel/studio/7.0/toolchain/avr32/avr32-gnu-toolchain/bin/../lib/gcc/avr32/4.4.7/../../../../avr32/lib/ucr2\libc.a(lib_a-impure.o)
 .debug_pubnames
                0x000010ee       0x26 c:/program files (x86)/atmel/studio/7.0/toolchain/avr32/avr32-gnu-toolchain/bin/../lib/gcc/avr32/4.4.7/../../../../avr32/lib/ucr2\libc.a(lib_a-malloc.o)
 .debug_pubnames
                0x00001114       0xce c:/program files (x86)/atmel/studio/7.0/toolchain/avr32/avr32-gnu-toolchain/bin/../lib/gcc/avr32/4.4.7/../../../../avr32/lib/ucr2\libc.a(lib_a-mallocr.o)
 .debug_pubnames
                0x000011e2       0x1d c:/program files (x86)/atmel/studio/7.0/toolchain/avr32/avr32-gnu-toolchain/bin/../lib/gcc/avr32/4.4.7/../../../../avr32/lib/ucr2\libc.a(lib_a-memset.o)
 .debug_pubnames
                0x000011ff       0x1e c:/program files (x86)/atmel/studio/7.0/toolchain/avr32/avr32-gnu-toolchain/bin/../lib/gcc/avr32/4.4.7/../../../../avr32/lib/ucr2\libc.a(lib_a-sbrkr.o)
 .debug_pubnames
                0x0000121d      0x171 c:/program files (x86)/atmel/studio/7.0/toolchain/avr32/avr32-gnu-toolchain/bin/../lib/gcc/avr32/4.4.7/../../../../avr32/lib/ucr2\libc.a(lib_a-syscalls.o)
 .debug_pubnames
                0x0000138e       0x2a c:/program files (x86)/atmel/studio/7.0/toolchain/avr32/avr32-gnu-toolchain/bin/../lib/gcc/avr32/4.4.7/../../../../avr32/lib/ucr2\libc.a(lib_a-__atexit.o)
 .debug_pubnames
                0x000013b8       0x27 c:/program files (x86)/atmel/studio/7.0/toolchain/avr32/avr32-gnu-toolchain/bin/../lib/gcc/avr32/4.4.7/../../../../avr32/lib/ucr2\libc.a(lib_a-__call_atexit.o)
 .debug_pubnames
                0x000013df       0x1e c:/program files (x86)/atmel/studio/7.0/toolchain/avr32/avr32-gnu-toolchain/bin/../lib/gcc/avr32/4.4.7/../../../../avr32/lib/ucr2\libc.a(lib_a-errno.o)
 .debug_pubnames
                0x000013fd      0x119 c:/program files (x86)/atmel/studio/7.0/toolchain/avr32/avr32-gnu-toolchain/bin/../lib/gcc/avr32/4.4.7/../../../../avr32/lib/ucr2\libc.a(lib_a-findfp.o)
 .debug_pubnames
                0x00001516       0x31 c:/program files (x86)/atmel/studio/7.0/toolchain/avr32/avr32-gnu-toolchain/bin/../lib/gcc/avr32/4.4.7/../../../../avr32/lib/ucr2\libc.a(lib_a-freer.o)
 .debug_pubnames
                0x00001547       0x52 c:/program files (x86)/atmel/studio/7.0/toolchain/avr32/avr32-gnu-toolchain/bin/../lib/gcc/avr32/4.4.7/../../../../avr32/lib/ucr2\libc.a(lib_a-reent.o)

.debug_info     0x00000000    0x11eb6
 *(.debug_info .gnu.linkonce.wi.*)
 .debug_info    0x00000000      0xb1b src/ASF/avr32/drivers/gpio/gpio.o
 .debug_info    0x00000b1b      0x5b3 src/ASF/avr32/drivers/intc/intc.o
 .debug_info    0x000010ce     0x1a59 src/ASF/avr32/drivers/pm/pm.o
 .debug_info    0x00002b27      0xf89 src/ASF/avr32/drivers/pm/power_clocks_lib.o
 .debug_info    0x00003ab0     0x1dcf src/ASF/avr32/drivers/usart/usart.o
 .debug_info    0x0000587f       0x9d src/ASF/avr32/utils/startup/trampoline_uc3.o
 .debug_info    0x0000591c      0x104 src/ASF/thirdparty/freertos/demo/avr32_uc3_example/main.o
 .debug_info    0x00005a20      0x18d src/ASF/thirdparty/freertos/demo/common/minimal/model.o
 .debug_info    0x00005bad     0x144b src/ASF/thirdparty/freertos/demo/common/minimal/USART_RCV.o
 .debug_info    0x00006ff8     0x13e0 src/ASF/thirdparty/freertos/demo/common/minimal/USART_TRX.o
 .debug_info    0x000083d8      0x2b9 src/ASF/thirdparty/freertos/freertos-7.0.0/source/list.o
 .debug_info    0x00008691       0xc5 src/ASF/thirdparty/freertos/freertos-7.0.0/source/portable/gcc/avr32_uc3/exception.o
 .debug_info    0x00008756      0xac4 src/ASF/thirdparty/freertos/freertos-7.0.0/source/portable/gcc/avr32_uc3/port.o
 .debug_info    0x0000921a       0xfc src/ASF/thirdparty/freertos/freertos-7.0.0/source/portable/memmang/heap_3.o
 .debug_info    0x00009316      0x786 src/ASF/thirdparty/freertos/freertos-7.0.0/source/queue.o
 .debug_info    0x00009a9c      0xd44 src/ASF/thirdparty/freertos/freertos-7.0.0/source/tasks.o
 .debug_info    0x0000a7e0       0xc5 c:/program files (x86)/atmel/studio/7.0/toolchain/avr32/avr32-gnu-toolchain/bin/../lib/gcc/avr32/4.4.7/../../../../avr32/lib/ucr2\libc.a(lib_a-atexit.o)
 .debug_info    0x0000a8a5      0x8b7 c:/program files (x86)/atmel/studio/7.0/toolchain/avr32/avr32-gnu-toolchain/bin/../lib/gcc/avr32/4.4.7/../../../../avr32/lib/ucr2\libc.a(lib_a-exit.o)
 .debug_info    0x0000b15c      0x960 c:/program files (x86)/atmel/studio/7.0/toolchain/avr32/avr32-gnu-toolchain/bin/../lib/gcc/avr32/4.4.7/../../../../avr32/lib/ucr2\libc.a(lib_a-impure.o)
 .debug_info    0x0000babc      0x8ea c:/program files (x86)/atmel/studio/7.0/toolchain/avr32/avr32-gnu-toolchain/bin/../lib/gcc/avr32/4.4.7/../../../../avr32/lib/ucr2\libc.a(lib_a-malloc.o)
 .debug_info    0x0000c3a6      0xc4e c:/program files (x86)/atmel/studio/7.0/toolchain/avr32/avr32-gnu-toolchain/bin/../lib/gcc/avr32/4.4.7/../../../../avr32/lib/ucr2\libc.a(lib_a-mallocr.o)
 .debug_info    0x0000cff4       0xcd c:/program files (x86)/atmel/studio/7.0/toolchain/avr32/avr32-gnu-toolchain/bin/../lib/gcc/avr32/4.4.7/../../../../avr32/lib/ucr2\libc.a(lib_a-memset.o)
 .debug_info    0x0000d0c1      0x8de c:/program files (x86)/atmel/studio/7.0/toolchain/avr32/avr32-gnu-toolchain/bin/../lib/gcc/avr32/4.4.7/../../../../avr32/lib/ucr2\libc.a(lib_a-sbrkr.o)
 .debug_info    0x0000d99f      0x93a c:/program files (x86)/atmel/studio/7.0/toolchain/avr32/avr32-gnu-toolchain/bin/../lib/gcc/avr32/4.4.7/../../../../avr32/lib/ucr2\libc.a(lib_a-syscalls.o)
 .debug_info    0x0000e2d9      0x92c c:/program files (x86)/atmel/studio/7.0/toolchain/avr32/avr32-gnu-toolchain/bin/../lib/gcc/avr32/4.4.7/../../../../avr32/lib/ucr2\libc.a(lib_a-__atexit.o)
 .debug_info    0x0000ec05      0x931 c:/program files (x86)/atmel/studio/7.0/toolchain/avr32/avr32-gnu-toolchain/bin/../lib/gcc/avr32/4.4.7/../../../../avr32/lib/ucr2\libc.a(lib_a-__call_atexit.o)
 .debug_info    0x0000f536      0x8a6 c:/program files (x86)/atmel/studio/7.0/toolchain/avr32/avr32-gnu-toolchain/bin/../lib/gcc/avr32/4.4.7/../../../../avr32/lib/ucr2\libc.a(lib_a-errno.o)
 .debug_info    0x0000fddc      0xc2a c:/program files (x86)/atmel/studio/7.0/toolchain/avr32/avr32-gnu-toolchain/bin/../lib/gcc/avr32/4.4.7/../../../../avr32/lib/ucr2\libc.a(lib_a-findfp.o)
 .debug_info    0x00010a06      0xb3d c:/program files (x86)/atmel/studio/7.0/toolchain/avr32/avr32-gnu-toolchain/bin/../lib/gcc/avr32/4.4.7/../../../../avr32/lib/ucr2\libc.a(lib_a-freer.o)
 .debug_info    0x00011543      0x973 c:/program files (x86)/atmel/studio/7.0/toolchain/avr32/avr32-gnu-toolchain/bin/../lib/gcc/avr32/4.4.7/../../../../avr32/lib/ucr2\libc.a(lib_a-reent.o)

.debug_abbrev   0x00000000     0x2f5a
 *(.debug_abbrev)
 .debug_abbrev  0x00000000      0x28b src/ASF/avr32/drivers/gpio/gpio.o
 .debug_abbrev  0x0000028b      0x1f2 src/ASF/avr32/drivers/intc/intc.o
 .debug_abbrev  0x0000047d      0x2d1 src/ASF/avr32/drivers/pm/pm.o
 .debug_abbrev  0x0000074e      0x1cd src/ASF/avr32/drivers/pm/power_clocks_lib.o
 .debug_abbrev  0x0000091b      0x32d src/ASF/avr32/drivers/usart/usart.o
 .debug_abbrev  0x00000c48       0x14 src/ASF/avr32/utils/startup/trampoline_uc3.o
 .debug_abbrev  0x00000c5c       0x89 src/ASF/thirdparty/freertos/demo/avr32_uc3_example/main.o
 .debug_abbrev  0x00000ce5       0xdc src/ASF/thirdparty/freertos/demo/common/minimal/model.o
 .debug_abbrev  0x00000dc1      0x216 src/ASF/thirdparty/freertos/demo/common/minimal/USART_RCV.o
 .debug_abbrev  0x00000fd7      0x1c8 src/ASF/thirdparty/freertos/demo/common/minimal/USART_TRX.o
 .debug_abbrev  0x0000119f       0xdb src/ASF/thirdparty/freertos/freertos-7.0.0/source/list.o
 .debug_abbrev  0x0000127a       0x14 src/ASF/thirdparty/freertos/freertos-7.0.0/source/portable/gcc/avr32_uc3/exception.o
 .debug_abbrev  0x0000128e      0x2aa src/ASF/thirdparty/freertos/freertos-7.0.0/source/portable/gcc/avr32_uc3/port.o
 .debug_abbrev  0x00001538       0xa4 src/ASF/thirdparty/freertos/freertos-7.0.0/source/portable/memmang/heap_3.o
 .debug_abbrev  0x000015dc      0x1ae src/ASF/thirdparty/freertos/freertos-7.0.0/source/queue.o
 .debug_abbrev  0x0000178a      0x269 src/ASF/thirdparty/freertos/freertos-7.0.0/source/tasks.o
 .debug_abbrev  0x000019f3       0x81 c:/program files (x86)/atmel/studio/7.0/toolchain/avr32/avr32-gnu-toolchain/bin/../lib/gcc/avr32/4.4.7/../../../../avr32/lib/ucr2\libc.a(lib_a-atexit.o)
 .debug_abbrev  0x00001a74      0x15f c:/program files (x86)/atmel/studio/7.0/toolchain/avr32/avr32-gnu-toolchain/bin/../lib/gcc/avr32/4.4.7/../../../../avr32/lib/ucr2\libc.a(lib_a-exit.o)
 .debug_abbrev  0x00001bd3      0x160 c:/program files (x86)/atmel/studio/7.0/toolchain/avr32/avr32-gnu-toolchain/bin/../lib/gcc/avr32/4.4.7/../../../../avr32/lib/ucr2\libc.a(lib_a-impure.o)
 .debug_abbrev  0x00001d33      0x178 c:/program files (x86)/atmel/studio/7.0/toolchain/avr32/avr32-gnu-toolchain/bin/../lib/gcc/avr32/4.4.7/../../../../avr32/lib/ucr2\libc.a(lib_a-malloc.o)
 .debug_abbrev  0x00001eab      0x205 c:/program files (x86)/atmel/studio/7.0/toolchain/avr32/avr32-gnu-toolchain/bin/../lib/gcc/avr32/4.4.7/../../../../avr32/lib/ucr2\libc.a(lib_a-mallocr.o)
 .debug_abbrev  0x000020b0       0x85 c:/program files (x86)/atmel/studio/7.0/toolchain/avr32/avr32-gnu-toolchain/bin/../lib/gcc/avr32/4.4.7/../../../../avr32/lib/ucr2\libc.a(lib_a-memset.o)
 .debug_abbrev  0x00002135      0x17f c:/program files (x86)/atmel/studio/7.0/toolchain/avr32/avr32-gnu-toolchain/bin/../lib/gcc/avr32/4.4.7/../../../../avr32/lib/ucr2\libc.a(lib_a-sbrkr.o)
 .debug_abbrev  0x000022b4      0x19a c:/program files (x86)/atmel/studio/7.0/toolchain/avr32/avr32-gnu-toolchain/bin/../lib/gcc/avr32/4.4.7/../../../../avr32/lib/ucr2\libc.a(lib_a-syscalls.o)
 .debug_abbrev  0x0000244e      0x1b5 c:/program files (x86)/atmel/studio/7.0/toolchain/avr32/avr32-gnu-toolchain/bin/../lib/gcc/avr32/4.4.7/../../../../avr32/lib/ucr2\libc.a(lib_a-__atexit.o)
 .debug_abbrev  0x00002603      0x1bc c:/program files (x86)/atmel/studio/7.0/toolchain/avr32/avr32-gnu-toolchain/bin/../lib/gcc/avr32/4.4.7/../../../../avr32/lib/ucr2\libc.a(lib_a-__call_atexit.o)
 .debug_abbrev  0x000027bf      0x150 c:/program files (x86)/atmel/studio/7.0/toolchain/avr32/avr32-gnu-toolchain/bin/../lib/gcc/avr32/4.4.7/../../../../avr32/lib/ucr2\libc.a(lib_a-errno.o)
 .debug_abbrev  0x0000290f      0x28c c:/program files (x86)/atmel/studio/7.0/toolchain/avr32/avr32-gnu-toolchain/bin/../lib/gcc/avr32/4.4.7/../../../../avr32/lib/ucr2\libc.a(lib_a-findfp.o)
 .debug_abbrev  0x00002b9b      0x1d9 c:/program files (x86)/atmel/studio/7.0/toolchain/avr32/avr32-gnu-toolchain/bin/../lib/gcc/avr32/4.4.7/../../../../avr32/lib/ucr2\libc.a(lib_a-freer.o)
 .debug_abbrev  0x00002d74      0x1e6 c:/program files (x86)/atmel/studio/7.0/toolchain/avr32/avr32-gnu-toolchain/bin/../lib/gcc/avr32/4.4.7/../../../../avr32/lib/ucr2\libc.a(lib_a-reent.o)

.debug_line     0x00000000     0xa506
 *(.debug_line)
 .debug_line    0x00000000      0x8c7 src/ASF/avr32/drivers/gpio/gpio.o
 .debug_line    0x000008c7      0x695 src/ASF/avr32/drivers/intc/intc.o
 .debug_line    0x00000f5c      0x9ca src/ASF/avr32/drivers/pm/pm.o
 .debug_line    0x00001926      0x6c6 src/ASF/avr32/drivers/pm/power_clocks_lib.o
 .debug_line    0x00001fec      0x919 src/ASF/avr32/drivers/usart/usart.o
 .debug_line    0x00002905       0x67 src/ASF/avr32/utils/startup/trampoline_uc3.o
 .debug_line    0x0000296c      0x94e src/ASF/thirdparty/freertos/demo/avr32_uc3_example/main.o
 .debug_line    0x000032ba      0x83d src/ASF/thirdparty/freertos/demo/common/minimal/model.o
 .debug_line    0x00003af7      0x8f1 src/ASF/thirdparty/freertos/demo/common/minimal/USART_RCV.o
 .debug_line    0x000043e8      0x8bb src/ASF/thirdparty/freertos/demo/common/minimal/USART_TRX.o
 .debug_line    0x00004ca3      0x82a src/ASF/thirdparty/freertos/freertos-7.0.0/source/list.o
 .debug_line    0x000054cd      0x10d src/ASF/thirdparty/freertos/freertos-7.0.0/source/portable/gcc/avr32_uc3/exception.o
 .debug_line    0x000055da      0x8f8 src/ASF/thirdparty/freertos/freertos-7.0.0/source/portable/gcc/avr32_uc3/port.o
 .debug_line    0x00005ed2      0x80f src/ASF/thirdparty/freertos/freertos-7.0.0/source/portable/memmang/heap_3.o
 .debug_line    0x000066e1      0x988 src/ASF/thirdparty/freertos/freertos-7.0.0/source/queue.o
 .debug_line    0x00007069      0xb5a src/ASF/thirdparty/freertos/freertos-7.0.0/source/tasks.o
 .debug_line    0x00007bc3      0x128 c:/program files (x86)/atmel/studio/7.0/toolchain/avr32/avr32-gnu-toolchain/bin/../lib/gcc/avr32/4.4.7/../../../../avr32/lib/ucr2\libc.a(lib_a-atexit.o)
 .debug_line    0x00007ceb      0x24d c:/program files (x86)/atmel/studio/7.0/toolchain/avr32/avr32-gnu-toolchain/bin/../lib/gcc/avr32/4.4.7/../../../../avr32/lib/ucr2\libc.a(lib_a-exit.o)
 .debug_line    0x00007f38      0x1a8 c:/program files (x86)/atmel/studio/7.0/toolchain/avr32/avr32-gnu-toolchain/bin/../lib/gcc/avr32/4.4.7/../../../../avr32/lib/ucr2\libc.a(lib_a-impure.o)
 .debug_line    0x000080e0      0x255 c:/program files (x86)/atmel/studio/7.0/toolchain/avr32/avr32-gnu-toolchain/bin/../lib/gcc/avr32/4.4.7/../../../../avr32/lib/ucr2\libc.a(lib_a-malloc.o)
 .debug_line    0x00008335      0x571 c:/program files (x86)/atmel/studio/7.0/toolchain/avr32/avr32-gnu-toolchain/bin/../lib/gcc/avr32/4.4.7/../../../../avr32/lib/ucr2\libc.a(lib_a-mallocr.o)
 .debug_line    0x000088a6      0x1be c:/program files (x86)/atmel/studio/7.0/toolchain/avr32/avr32-gnu-toolchain/bin/../lib/gcc/avr32/4.4.7/../../../../avr32/lib/ucr2\libc.a(lib_a-memset.o)
 .debug_line    0x00008a64      0x258 c:/program files (x86)/atmel/studio/7.0/toolchain/avr32/avr32-gnu-toolchain/bin/../lib/gcc/avr32/4.4.7/../../../../avr32/lib/ucr2\libc.a(lib_a-sbrkr.o)
 .debug_line    0x00008cbc      0x58e c:/program files (x86)/atmel/studio/7.0/toolchain/avr32/avr32-gnu-toolchain/bin/../lib/gcc/avr32/4.4.7/../../../../avr32/lib/ucr2\libc.a(lib_a-syscalls.o)
 .debug_line    0x0000924a      0x263 c:/program files (x86)/atmel/studio/7.0/toolchain/avr32/avr32-gnu-toolchain/bin/../lib/gcc/avr32/4.4.7/../../../../avr32/lib/ucr2\libc.a(lib_a-__atexit.o)
 .debug_line    0x000094ad      0x2a6 c:/program files (x86)/atmel/studio/7.0/toolchain/avr32/avr32-gnu-toolchain/bin/../lib/gcc/avr32/4.4.7/../../../../avr32/lib/ucr2\libc.a(lib_a-__call_atexit.o)
 .debug_line    0x00009753      0x1ce c:/program files (x86)/atmel/studio/7.0/toolchain/avr32/avr32-gnu-toolchain/bin/../lib/gcc/avr32/4.4.7/../../../../avr32/lib/ucr2\libc.a(lib_a-errno.o)
 .debug_line    0x00009921      0x5ad c:/program files (x86)/atmel/studio/7.0/toolchain/avr32/avr32-gnu-toolchain/bin/../lib/gcc/avr32/4.4.7/../../../../avr32/lib/ucr2\libc.a(lib_a-findfp.o)
 .debug_line    0x00009ece      0x34c c:/program files (x86)/atmel/studio/7.0/toolchain/avr32/avr32-gnu-toolchain/bin/../lib/gcc/avr32/4.4.7/../../../../avr32/lib/ucr2\libc.a(lib_a-freer.o)
 .debug_line    0x0000a21a      0x2ec c:/program files (x86)/atmel/studio/7.0/toolchain/avr32/avr32-gnu-toolchain/bin/../lib/gcc/avr32/4.4.7/../../../../avr32/lib/ucr2\libc.a(lib_a-reent.o)

.debug_frame    0x00000000     0x1740
 *(.debug_frame)
 .debug_frame   0x00000000       0x4c c:/program files (x86)/atmel/studio/7.0/toolchain/avr32/avr32-gnu-toolchain/bin/../lib/gcc/avr32/4.4.7/ucr2/crtbegin.o
 .debug_frame   0x0000004c      0x204 src/ASF/avr32/drivers/gpio/gpio.o
 .debug_frame   0x00000250       0x64 src/ASF/avr32/drivers/intc/intc.o
 .debug_frame   0x000002b4      0x390 src/ASF/avr32/drivers/pm/pm.o
 .debug_frame   0x00000644       0x88 src/ASF/avr32/drivers/pm/power_clocks_lib.o
 .debug_frame   0x000006cc      0x2ac src/ASF/avr32/drivers/usart/usart.o
 .debug_frame   0x00000978       0x28 src/ASF/thirdparty/freertos/demo/avr32_uc3_example/main.o
 .debug_frame   0x000009a0       0x68 src/ASF/thirdparty/freertos/demo/common/minimal/model.o
 .debug_frame   0x00000a08       0x68 src/ASF/thirdparty/freertos/demo/common/minimal/USART_RCV.o
 .debug_frame   0x00000a70       0x64 src/ASF/thirdparty/freertos/demo/common/minimal/USART_TRX.o
 .debug_frame   0x00000ad4       0x60 src/ASF/thirdparty/freertos/freertos-7.0.0/source/list.o
 .debug_frame   0x00000b34       0xfc src/ASF/thirdparty/freertos/freertos-7.0.0/source/portable/gcc/avr32_uc3/port.o
 .debug_frame   0x00000c30       0x48 src/ASF/thirdparty/freertos/freertos-7.0.0/source/portable/memmang/heap_3.o
 .debug_frame   0x00000c78      0x18c src/ASF/thirdparty/freertos/freertos-7.0.0/source/queue.o
 .debug_frame   0x00000e04      0x300 src/ASF/thirdparty/freertos/freertos-7.0.0/source/tasks.o
 .debug_frame   0x00001104       0x28 c:/program files (x86)/atmel/studio/7.0/toolchain/avr32/avr32-gnu-toolchain/bin/../lib/gcc/avr32/4.4.7/../../../../avr32/lib/ucr2\libc.a(lib_a-atexit.o)
 .debug_frame   0x0000112c       0x34 c:/program files (x86)/atmel/studio/7.0/toolchain/avr32/avr32-gnu-toolchain/bin/../lib/gcc/avr32/4.4.7/../../../../avr32/lib/ucr2\libc.a(lib_a-exit.o)
 .debug_frame   0x00001160       0x40 c:/program files (x86)/atmel/studio/7.0/toolchain/avr32/avr32-gnu-toolchain/bin/../lib/gcc/avr32/4.4.7/../../../../avr32/lib/ucr2\libc.a(lib_a-malloc.o)
 .debug_frame   0x000011a0       0x40 c:/program files (x86)/atmel/studio/7.0/toolchain/avr32/avr32-gnu-toolchain/bin/../lib/gcc/avr32/4.4.7/../../../../avr32/lib/ucr2\libc.a(lib_a-mallocr.o)
 .debug_frame   0x000011e0       0x20 c:/program files (x86)/atmel/studio/7.0/toolchain/avr32/avr32-gnu-toolchain/bin/../lib/gcc/avr32/4.4.7/../../../../avr32/lib/ucr2\libc.a(lib_a-memset.o)
 .debug_frame   0x00001200       0x34 c:/program files (x86)/atmel/studio/7.0/toolchain/avr32/avr32-gnu-toolchain/bin/../lib/gcc/avr32/4.4.7/../../../../avr32/lib/ucr2\libc.a(lib_a-sbrkr.o)
 .debug_frame   0x00001234      0x220 c:/program files (x86)/atmel/studio/7.0/toolchain/avr32/avr32-gnu-toolchain/bin/../lib/gcc/avr32/4.4.7/../../../../avr32/lib/ucr2\libc.a(lib_a-syscalls.o)
 .debug_frame   0x00001454       0x40 c:/program files (x86)/atmel/studio/7.0/toolchain/avr32/avr32-gnu-toolchain/bin/../lib/gcc/avr32/4.4.7/../../../../avr32/lib/ucr2\libc.a(lib_a-__atexit.o)
 .debug_frame   0x00001494       0x44 c:/program files (x86)/atmel/studio/7.0/toolchain/avr32/avr32-gnu-toolchain/bin/../lib/gcc/avr32/4.4.7/../../../../avr32/lib/ucr2\libc.a(lib_a-__call_atexit.o)
 .debug_frame   0x000014d8       0x20 c:/program files (x86)/atmel/studio/7.0/toolchain/avr32/avr32-gnu-toolchain/bin/../lib/gcc/avr32/4.4.7/../../../../avr32/lib/ucr2\libc.a(lib_a-errno.o)
 .debug_frame   0x000014f8      0x13c c:/program files (x86)/atmel/studio/7.0/toolchain/avr32/avr32-gnu-toolchain/bin/../lib/gcc/avr32/4.4.7/../../../../avr32/lib/ucr2\libc.a(lib_a-findfp.o)
 .debug_frame   0x00001634       0x58 c:/program files (x86)/atmel/studio/7.0/toolchain/avr32/avr32-gnu-toolchain/bin/../lib/gcc/avr32/4.4.7/../../../../avr32/lib/ucr2\libc.a(lib_a-freer.o)
 .debug_frame   0x0000168c       0x80 c:/program files (x86)/atmel/studio/7.0/toolchain/avr32/avr32-gnu-toolchain/bin/../lib/gcc/avr32/4.4.7/../../../../avr32/lib/ucr2\libc.a(lib_a-reent.o)
 .debug_frame   0x0000170c       0x34 c:/program files (x86)/atmel/studio/7.0/toolchain/avr32/avr32-gnu-toolchain/bin/../lib/gcc/avr32/4.4.7/ucr2/crtend.o

.debug_str      0x00000000     0x36d8
 *(.debug_str)
 .debug_str     0x00000000      0x4d9 src/ASF/avr32/drivers/gpio/gpio.o
                                0x533 (size before relaxing)
 .debug_str     0x000004d9      0x37d src/ASF/avr32/drivers/intc/intc.o
                                0x487 (size before relaxing)
 .debug_str     0x00000856      0x7b9 src/ASF/avr32/drivers/pm/pm.o
                                0x99f (size before relaxing)
 .debug_str     0x0000100f       0xe6 src/ASF/avr32/drivers/pm/power_clocks_lib.o
                                0x53b (size before relaxing)
 .debug_str     0x000010f5      0x796 src/ASF/avr32/drivers/usart/usart.o
                                0x906 (size before relaxing)
 .debug_str     0x0000188b       0x68 src/ASF/thirdparty/freertos/demo/avr32_uc3_example/main.o
                                0x16c (size before relaxing)
 .debug_str     0x000018f3       0xa9 src/ASF/thirdparty/freertos/demo/common/minimal/model.o
                                0x1b7 (size before relaxing)
 .debug_str     0x0000199c       0xa7 src/ASF/thirdparty/freertos/demo/common/minimal/USART_RCV.o
                                0x621 (size before relaxing)
 .debug_str     0x00001a43       0x70 src/ASF/thirdparty/freertos/demo/common/minimal/USART_TRX.o
                                0x601 (size before relaxing)
 .debug_str     0x00001ab3      0x167 src/ASF/thirdparty/freertos/freertos-7.0.0/source/list.o
                                0x25a (size before relaxing)
 .debug_str     0x00001c1a      0x4c9 src/ASF/thirdparty/freertos/freertos-7.0.0/source/portable/gcc/avr32_uc3/port.o
                                0x62a (size before relaxing)
 .debug_str     0x000020e3       0x66 src/ASF/thirdparty/freertos/freertos-7.0.0/source/portable/memmang/heap_3.o
                                0x16f (size before relaxing)
 .debug_str     0x00002149      0x315 src/ASF/thirdparty/freertos/freertos-7.0.0/source/queue.o
                                0x4d2 (size before relaxing)
 .debug_str     0x0000245e      0x620 src/ASF/thirdparty/freertos/freertos-7.0.0/source/tasks.o
                                0x85a (size before relaxing)
 .debug_str     0x00002a7e       0x9e c:/program files (x86)/atmel/studio/7.0/toolchain/avr32/avr32-gnu-toolchain/bin/../lib/gcc/avr32/4.4.7/../../../../avr32/lib/ucr2\libc.a(lib_a-atexit.o)
                                0x13a (size before relaxing)
 .debug_str     0x00002b1c       0x84 c:/program files (x86)/atmel/studio/7.0/toolchain/avr32/avr32-gnu-toolchain/bin/../lib/gcc/avr32/4.4.7/../../../../avr32/lib/ucr2\libc.a(lib_a-exit.o)
                                0x4b4 (size before relaxing)
 .debug_str     0x00002ba0       0xb8 c:/program files (x86)/atmel/studio/7.0/toolchain/avr32/avr32-gnu-toolchain/bin/../lib/gcc/avr32/4.4.7/../../../../avr32/lib/ucr2\libc.a(lib_a-impure.o)
                                0x502 (size before relaxing)
 .debug_str     0x00002c58       0x86 c:/program files (x86)/atmel/studio/7.0/toolchain/avr32/avr32-gnu-toolchain/bin/../lib/gcc/avr32/4.4.7/../../../../avr32/lib/ucr2\libc.a(lib_a-malloc.o)
                                0x4c4 (size before relaxing)
 .debug_str     0x00002cde      0x23b c:/program files (x86)/atmel/studio/7.0/toolchain/avr32/avr32-gnu-toolchain/bin/../lib/gcc/avr32/4.4.7/../../../../avr32/lib/ucr2\libc.a(lib_a-mallocr.o)
                                0x699 (size before relaxing)
 .debug_str     0x00002f19       0x75 c:/program files (x86)/atmel/studio/7.0/toolchain/avr32/avr32-gnu-toolchain/bin/../lib/gcc/avr32/4.4.7/../../../../avr32/lib/ucr2\libc.a(lib_a-memset.o)
                                0x111 (size before relaxing)
 .debug_str     0x00002f8e       0x83 c:/program files (x86)/atmel/studio/7.0/toolchain/avr32/avr32-gnu-toolchain/bin/../lib/gcc/avr32/4.4.7/../../../../avr32/lib/ucr2\libc.a(lib_a-sbrkr.o)
                                0x4b4 (size before relaxing)
 .debug_str     0x00003011      0x324 c:/program files (x86)/atmel/studio/7.0/toolchain/avr32/avr32-gnu-toolchain/bin/../lib/gcc/avr32/4.4.7/../../../../avr32/lib/ucr2\libc.a(lib_a-syscalls.o)
                                0x43d (size before relaxing)
 .debug_str     0x00003335       0x84 c:/program files (x86)/atmel/studio/7.0/toolchain/avr32/avr32-gnu-toolchain/bin/../lib/gcc/avr32/4.4.7/../../../../avr32/lib/ucr2\libc.a(lib_a-__atexit.o)
                                0x501 (size before relaxing)
 .debug_str     0x000033b9       0x94 c:/program files (x86)/atmel/studio/7.0/toolchain/avr32/avr32-gnu-toolchain/bin/../lib/gcc/avr32/4.4.7/../../../../avr32/lib/ucr2\libc.a(lib_a-__call_atexit.o)
                                0x4dc (size before relaxing)
 .debug_str     0x0000344d       0x74 c:/program files (x86)/atmel/studio/7.0/toolchain/avr32/avr32-gnu-toolchain/bin/../lib/gcc/avr32/4.4.7/../../../../avr32/lib/ucr2\libc.a(lib_a-errno.o)
                                0x4ab (size before relaxing)
 .debug_str     0x000034c1      0x135 c:/program files (x86)/atmel/studio/7.0/toolchain/avr32/avr32-gnu-toolchain/bin/../lib/gcc/avr32/4.4.7/../../../../avr32/lib/ucr2\libc.a(lib_a-findfp.o)
                                0x5dc (size before relaxing)
 .debug_str     0x000035f6       0x3c c:/program files (x86)/atmel/studio/7.0/toolchain/avr32/avr32-gnu-toolchain/bin/../lib/gcc/avr32/4.4.7/../../../../avr32/lib/ucr2\libc.a(lib_a-freer.o)
                                0x5eb (size before relaxing)
 .debug_str     0x00003632       0xa6 c:/program files (x86)/atmel/studio/7.0/toolchain/avr32/avr32-gnu-toolchain/bin/../lib/gcc/avr32/4.4.7/../../../../avr32/lib/ucr2\libc.a(lib_a-reent.o)
                                0x4e8 (size before relaxing)

.debug_loc      0x00000000     0x3810
 *(.debug_loc)
 .debug_loc     0x00000000      0x368 src/ASF/avr32/drivers/gpio/gpio.o
 .debug_loc     0x00000368       0xd3 src/ASF/avr32/drivers/intc/intc.o
 .debug_loc     0x0000043b      0x559 src/ASF/avr32/drivers/pm/pm.o
 .debug_loc     0x00000994      0x12b src/ASF/avr32/drivers/pm/power_clocks_lib.o
 .debug_loc     0x00000abf      0x9c5 src/ASF/avr32/drivers/usart/usart.o
 .debug_loc     0x00001484       0x1f src/ASF/thirdparty/freertos/demo/avr32_uc3_example/main.o
 .debug_loc     0x000014a3       0x94 src/ASF/thirdparty/freertos/demo/common/minimal/model.o
 .debug_loc     0x00001537       0x94 src/ASF/thirdparty/freertos/demo/common/minimal/USART_RCV.o
 .debug_loc     0x000015cb       0x94 src/ASF/thirdparty/freertos/demo/common/minimal/USART_TRX.o
 .debug_loc     0x0000165f       0x31 src/ASF/thirdparty/freertos/freertos-7.0.0/source/list.o
 .debug_loc     0x00001690      0x110 src/ASF/thirdparty/freertos/freertos-7.0.0/source/portable/gcc/avr32_uc3/port.o
 .debug_loc     0x000017a0       0x7a src/ASF/thirdparty/freertos/freertos-7.0.0/source/portable/memmang/heap_3.o
 .debug_loc     0x0000181a      0x5c6 src/ASF/thirdparty/freertos/freertos-7.0.0/source/queue.o
 .debug_loc     0x00001de0      0x8e7 src/ASF/thirdparty/freertos/freertos-7.0.0/source/tasks.o
 .debug_loc     0x000026c7       0x32 c:/program files (x86)/atmel/studio/7.0/toolchain/avr32/avr32-gnu-toolchain/bin/../lib/gcc/avr32/4.4.7/../../../../avr32/lib/ucr2\libc.a(lib_a-atexit.o)
 .debug_loc     0x000026f9       0x3d c:/program files (x86)/atmel/studio/7.0/toolchain/avr32/avr32-gnu-toolchain/bin/../lib/gcc/avr32/4.4.7/../../../../avr32/lib/ucr2\libc.a(lib_a-exit.o)
 .debug_loc     0x00002736       0x64 c:/program files (x86)/atmel/studio/7.0/toolchain/avr32/avr32-gnu-toolchain/bin/../lib/gcc/avr32/4.4.7/../../../../avr32/lib/ucr2\libc.a(lib_a-malloc.o)
 .debug_loc     0x0000279a      0x59a c:/program files (x86)/atmel/studio/7.0/toolchain/avr32/avr32-gnu-toolchain/bin/../lib/gcc/avr32/4.4.7/../../../../avr32/lib/ucr2\libc.a(lib_a-mallocr.o)
 .debug_loc     0x00002d34       0x63 c:/program files (x86)/atmel/studio/7.0/toolchain/avr32/avr32-gnu-toolchain/bin/../lib/gcc/avr32/4.4.7/../../../../avr32/lib/ucr2\libc.a(lib_a-sbrkr.o)
 .debug_loc     0x00002d97      0x268 c:/program files (x86)/atmel/studio/7.0/toolchain/avr32/avr32-gnu-toolchain/bin/../lib/gcc/avr32/4.4.7/../../../../avr32/lib/ucr2\libc.a(lib_a-syscalls.o)
 .debug_loc     0x00002fff       0xe9 c:/program files (x86)/atmel/studio/7.0/toolchain/avr32/avr32-gnu-toolchain/bin/../lib/gcc/avr32/4.4.7/../../../../avr32/lib/ucr2\libc.a(lib_a-__atexit.o)
 .debug_loc     0x000030e8       0xf0 c:/program files (x86)/atmel/studio/7.0/toolchain/avr32/avr32-gnu-toolchain/bin/../lib/gcc/avr32/4.4.7/../../../../avr32/lib/ucr2\libc.a(lib_a-__call_atexit.o)
 .debug_loc     0x000031d8      0x202 c:/program files (x86)/atmel/studio/7.0/toolchain/avr32/avr32-gnu-toolchain/bin/../lib/gcc/avr32/4.4.7/../../../../avr32/lib/ucr2\libc.a(lib_a-findfp.o)
 .debug_loc     0x000033da      0x32c c:/program files (x86)/atmel/studio/7.0/toolchain/avr32/avr32-gnu-toolchain/bin/../lib/gcc/avr32/4.4.7/../../../../avr32/lib/ucr2\libc.a(lib_a-freer.o)
 .debug_loc     0x00003706      0x10a c:/program files (x86)/atmel/studio/7.0/toolchain/avr32/avr32-gnu-toolchain/bin/../lib/gcc/avr32/4.4.7/../../../../avr32/lib/ucr2\libc.a(lib_a-reent.o)

.debug_macinfo  0x00000000   0xd21597
 *(.debug_macinfo)
 .debug_macinfo
                0x00000000    0xec41f src/ASF/avr32/drivers/gpio/gpio.o
 .debug_macinfo
                0x000ec41f    0xec4cc src/ASF/avr32/drivers/intc/intc.o
 .debug_macinfo
                0x001d88eb    0xec289 src/ASF/avr32/drivers/pm/pm.o
 .debug_macinfo
                0x002c4b74    0xec36a src/ASF/avr32/drivers/pm/power_clocks_lib.o
 .debug_macinfo
                0x003b0ede    0xec632 src/ASF/avr32/drivers/usart/usart.o
 .debug_macinfo
                0x0049d510    0xf31ec src/ASF/thirdparty/freertos/demo/avr32_uc3_example/main.o
 .debug_macinfo
                0x005906fc    0xf1fce src/ASF/thirdparty/freertos/demo/common/minimal/model.o
 .debug_macinfo
                0x006826ca    0xf2c0a src/ASF/thirdparty/freertos/demo/common/minimal/USART_RCV.o
 .debug_macinfo
                0x007752d4    0xf28c8 src/ASF/thirdparty/freertos/demo/common/minimal/USART_TRX.o
 .debug_macinfo
                0x00867b9c    0xf1480 src/ASF/thirdparty/freertos/freertos-7.0.0/source/list.o
 .debug_macinfo
                0x0095901c    0xf1bcb src/ASF/thirdparty/freertos/freertos-7.0.0/source/portable/gcc/avr32_uc3/port.o
 .debug_macinfo
                0x00a4abe7    0xf181f src/ASF/thirdparty/freertos/freertos-7.0.0/source/portable/memmang/heap_3.o
 .debug_macinfo
                0x00b3c406    0xf217c src/ASF/thirdparty/freertos/freertos-7.0.0/source/queue.o
 .debug_macinfo
                0x00c2e582    0xf3015 src/ASF/thirdparty/freertos/freertos-7.0.0/source/tasks.o

.debug_weaknames
 *(.debug_weaknames)

.debug_funcnames
 *(.debug_funcnames)

.debug_typenames
 *(.debug_typenames)

.debug_varnames
 *(.debug_varnames)

.stack          0x0000f000     0x1000
                0x0000f000                _stack = .
 *(.stack)
                0x00001000                . = __stack_size__
 *fill*         0x0000f000     0x1000 
                0x00010000                _estack = .

.userpage
 *(.userpage .userpage.*)

/DISCARD/
 *(.note.GNU-stack)
OUTPUT(FREERTOS_UC3_EXAMPLE1.elf elf32-avr32)

.debug_ranges   0x00000000      0x9d0
 .debug_ranges  0x00000000       0xf8 src/ASF/avr32/drivers/gpio/gpio.o
 .debug_ranges  0x000000f8       0x48 src/ASF/avr32/drivers/intc/intc.o
 .debug_ranges  0x00000140      0x188 src/ASF/avr32/drivers/pm/pm.o
 .debug_ranges  0x000002c8       0x38 src/ASF/avr32/drivers/pm/power_clocks_lib.o
 .debug_ranges  0x00000300       0xd8 src/ASF/avr32/drivers/usart/usart.o
 .debug_ranges  0x000003d8       0x18 src/ASF/thirdparty/freertos/demo/avr32_uc3_example/main.o
 .debug_ranges  0x000003f0       0x20 src/ASF/thirdparty/freertos/demo/common/minimal/model.o
 .debug_ranges  0x00000410       0x38 src/ASF/thirdparty/freertos/demo/common/minimal/USART_RCV.o
 .debug_ranges  0x00000448       0x20 src/ASF/thirdparty/freertos/demo/common/minimal/USART_TRX.o
 .debug_ranges  0x00000468       0x38 src/ASF/thirdparty/freertos/freertos-7.0.0/source/list.o
 .debug_ranges  0x000004a0       0x70 src/ASF/thirdparty/freertos/freertos-7.0.0/source/portable/gcc/avr32_uc3/port.o
 .debug_ranges  0x00000510       0x20 src/ASF/thirdparty/freertos/freertos-7.0.0/source/portable/memmang/heap_3.o
 .debug_ranges  0x00000530       0x78 src/ASF/thirdparty/freertos/freertos-7.0.0/source/queue.o
 .debug_ranges  0x000005a8      0x160 src/ASF/thirdparty/freertos/freertos-7.0.0/source/tasks.o
 .debug_ranges  0x00000708       0x18 c:/program files (x86)/atmel/studio/7.0/toolchain/avr32/avr32-gnu-toolchain/bin/../lib/gcc/avr32/4.4.7/../../../../avr32/lib/ucr2\libc.a(lib_a-atexit.o)
 .debug_ranges  0x00000720       0x18 c:/program files (x86)/atmel/studio/7.0/toolchain/avr32/avr32-gnu-toolchain/bin/../lib/gcc/avr32/4.4.7/../../../../avr32/lib/ucr2\libc.a(lib_a-exit.o)
 .debug_ranges  0x00000738       0x20 c:/program files (x86)/atmel/studio/7.0/toolchain/avr32/avr32-gnu-toolchain/bin/../lib/gcc/avr32/4.4.7/../../../../avr32/lib/ucr2\libc.a(lib_a-malloc.o)
 .debug_ranges  0x00000758       0x18 c:/program files (x86)/atmel/studio/7.0/toolchain/avr32/avr32-gnu-toolchain/bin/../lib/gcc/avr32/4.4.7/../../../../avr32/lib/ucr2\libc.a(lib_a-mallocr.o)
 .debug_ranges  0x00000770       0x18 c:/program files (x86)/atmel/studio/7.0/toolchain/avr32/avr32-gnu-toolchain/bin/../lib/gcc/avr32/4.4.7/../../../../avr32/lib/ucr2\libc.a(lib_a-memset.o)
 .debug_ranges  0x00000788       0x18 c:/program files (x86)/atmel/studio/7.0/toolchain/avr32/avr32-gnu-toolchain/bin/../lib/gcc/avr32/4.4.7/../../../../avr32/lib/ucr2\libc.a(lib_a-sbrkr.o)
 .debug_ranges  0x000007a0       0xf0 c:/program files (x86)/atmel/studio/7.0/toolchain/avr32/avr32-gnu-toolchain/bin/../lib/gcc/avr32/4.4.7/../../../../avr32/lib/ucr2\libc.a(lib_a-syscalls.o)
 .debug_ranges  0x00000890       0x18 c:/program files (x86)/atmel/studio/7.0/toolchain/avr32/avr32-gnu-toolchain/bin/../lib/gcc/avr32/4.4.7/../../../../avr32/lib/ucr2\libc.a(lib_a-__atexit.o)
 .debug_ranges  0x000008a8       0x18 c:/program files (x86)/atmel/studio/7.0/toolchain/avr32/avr32-gnu-toolchain/bin/../lib/gcc/avr32/4.4.7/../../../../avr32/lib/ucr2\libc.a(lib_a-__call_atexit.o)
 .debug_ranges  0x000008c0       0x18 c:/program files (x86)/atmel/studio/7.0/toolchain/avr32/avr32-gnu-toolchain/bin/../lib/gcc/avr32/4.4.7/../../../../avr32/lib/ucr2\libc.a(lib_a-errno.o)
 .debug_ranges  0x000008d8       0xb0 c:/program files (x86)/atmel/studio/7.0/toolchain/avr32/avr32-gnu-toolchain/bin/../lib/gcc/avr32/4.4.7/../../../../avr32/lib/ucr2\libc.a(lib_a-findfp.o)
 .debug_ranges  0x00000988       0x20 c:/program files (x86)/atmel/studio/7.0/toolchain/avr32/avr32-gnu-toolchain/bin/../lib/gcc/avr32/4.4.7/../../../../avr32/lib/ucr2\libc.a(lib_a-freer.o)
 .debug_ranges  0x000009a8       0x28 c:/program files (x86)/atmel/studio/7.0/toolchain/avr32/avr32-gnu-toolchain/bin/../lib/gcc/avr32/4.4.7/../../../../avr32/lib/ucr2\libc.a(lib_a-reent.o)
